******************************************************************************
                  TI ARM Linker PC v16.9.6                     
******************************************************************************
>> Linked Tue Nov 05 15:03:02 2019

OUTPUT FILE NAME:   <Lab5_UARTComms.out>
ENTRY POINT SYMBOL: "_c_int00"  address: 000044a9


MEMORY CONFIGURATION

         name            origin    length      used     unused   attr    fill
----------------------  --------  ---------  --------  --------  ----  --------
  MAIN                  00000000   00040000  00004874  0003b78c  R  X
  INFO                  00200000   00004000  00000000  00004000  R  X
  SRAM_CODE             01000000   00010000  00003dae  0000c252  RW X
  SRAM_DATA             20000000   00010000  00003dae  0000c252  RW  


SEGMENT ALLOCATION MAP

run origin  load origin   length   init length attrs members
----------  ----------- ---------- ----------- ----- -------
00000000    00000000    00004878   00004878    r-x
  00000000    00000000    000000e4   000000e4    r-- .intvecs
  000000e4    000000e4    000046e0   000046e0    r-x .text
  000047c4    000047c4    00000008   00000008    r-- .const
  000047d0    000047d0    000000a8   000000a8    r-- .cinit
20000000    20000000    00003bb4   00000000    rw-
  20000000    20000000    0000358a   00000000    rw- .bss
  20003590    20003590    00000400   00000000    rw- .sysmem
  20003990    20003990    00000224   00000000    rw- .data
2000fe00    2000fe00    00000200   00000000    rw-
  2000fe00    2000fe00    00000200   00000000    rw- .stack


SECTION ALLOCATION MAP

 output                                  attributes/
section   page    origin      length       input sections
--------  ----  ----------  ----------   ----------------
.intvecs   0    00000000    000000e4     
                  00000000    000000e4     startup_msp432p401r_ccs.obj (.intvecs:retain)

.binit     0    00000000    00000000     

.text      0    000000e4    000046e0     
                  000000e4    00000e50     Lab5_UARTmain.obj (.text)
                  00000f34    000006bc     UART0.obj (.text)
                  000015f0    000005ba     EUSCIA0.obj (.text)
                  00001baa    00000002     rtsv7M4_T_le_v4SPD16_eabi.lib : mpu_init.obj (.text)
                  00001bac    000003d0                                   : memory.obj (.text)
                  00001f7c    00000338     IRDistance.obj (.text)
                  000022b4    0000032c     system_msp432p401r.obj (.text)
                  000025e0    00000308     LPF.obj (.text)
                  000028e8    0000026c     Motor.obj (.text)
                  00002b54    00000260     ADC14.obj (.text)
                  00002db4    00000244     Reflectance.obj (.text)
                  00002ff8    00000228     PWM.obj (.text)
                  00003220    00000210     FIFO0.obj (.text)
                  00003430    000001e0     Clock.obj (.text)
                  00003610    000001c4     rtsv7M4_T_le_v4SPD16_eabi.lib : fopen.obj (.text)
                  000037d4    0000015c     BumpInt.obj (.text)
                  00003930    00000128     TA3InputCapture.obj (.text)
                  00003a58    000000f4     LaunchPad.obj (.text)
                  00003b4c    000000dc     rtsv7M4_T_le_v4SPD16_eabi.lib : setvbuf.obj (.text)
                  00003c28    000000c8                                   : fflush.obj (.text)
                  00003cf0    000000bc                                   : open.obj (.text)
                  00003dac    000000b8                                   : add_device.obj (.text)
                  00003e64    000000a8     TimerA1.obj (.text)
                  00003f0c    0000009c     rtsv7M4_T_le_v4SPD16_eabi.lib : memcpy_t2.obj (.text)
                  00003fa8    00000098                                   : fclose.obj (.text)
                  00004040    0000007a                                   : memset_t2.obj (.text)
                  000040ba    00000002                                   : startup.obj (.text)
                  000040bc    00000070                                   : autoinit.obj (.text)
                  0000412c    00000070                                   : getdevice.obj (.text)
                  0000419c    00000068                                   : copy_decompress_lzss.obj (.text:decompress:lzss)
                  00004204    00000068                                   : hostlseek.obj (.text)
                  0000426c    00000068                                   : hostrename.obj (.text)
                  000042d4    00000068                                   : trgmsg.obj (.text)
                  0000433c    00000060                                   : hostopen.obj (.text)
                  0000439c    0000005c                                   : close.obj (.text)
                  000043f8    00000058                                   : hostread.obj (.text)
                  00004450    00000058                                   : hostwrite.obj (.text)
                  000044a8    00000054                                   : boot.obj (.text)
                  000044fc    00000054                                   : exit.obj (.text)
                  00004550    0000004c                                   : cpy_tbl.obj (.text)
                  0000459c    00000044                                   : hostclose.obj (.text)
                  000045e0    00000044                                   : hostunlink.obj (.text)
                  00004624    00000040     SysTickInts.obj (.text)
                  00004664    00000036     rtsv7M4_T_le_v4SPD16_eabi.lib : strncpy.obj (.text)
                  0000469a    00000002     --HOLE-- [fill = 0]
                  0000469c    0000002c                                   : unlink.obj (.text)
                  000046c8    00000028                                   : write.obj (.text)
                  000046f0    00000024     CortexM.obj (.text)
                  00004714    00000018     rtsv7M4_T_le_v4SPD16_eabi.lib : args_main.obj (.text)
                  0000472c    00000018                                   : strcmp.obj (.text)
                  00004744    00000016                                   : strchr.obj (.text)
                  0000475a    00000002     --HOLE-- [fill = 0]
                  0000475c    00000014                                   : _lock.obj (.text)
                  00004770    00000014                                   : strcpy.obj (.text)
                  00004784    00000014                                   : strlen.obj (.text)
                  00004798    0000000e                                   : copy_decompress_none.obj (.text:decompress:none)
                  000047a6    0000000e     startup_msp432p401r_ccs.obj (.text)
                  000047b4    0000000c     rtsv7M4_T_le_v4SPD16_eabi.lib : copy_zero_init.obj (.text:decompress:ZI)
                  000047c0    00000004                                   : pre_init.obj (.text)

.const     0    000047c4    00000008     
                  000047c4    00000008     Reflectance.obj (.const:.string:$P$T0$1)

.cinit     0    000047d0    000000a8     
                  000047d0    0000007f     (.cinit..data.load) [load image, compression = lzss]
                  0000484f    00000001     --HOLE-- [fill = 0]
                  00004850    0000000c     (__TI_handler_table)
                  0000485c    00000004     --HOLE-- [fill = 0]
                  00004860    00000008     (.cinit..bss.load) [load image, compression = zero_init]
                  00004868    00000010     (__TI_cinit_table)

.init_array 
*          0    00000000    00000000     UNINITIALIZED

.bss       0    20000000    0000358a     UNINITIALIZED
                  20000000    00001000     (.common:x)
                  20001000    00001000     (.common:x2)
                  20002000    00001000     (.common:x3)
                  20003000    00000200     (.common:TxHistogram)
                  20003200    00000120     rtsv7M4_T_le_v4SPD16_eabi.lib : trgmsg.obj (.bss:_CIOBUF_)
                  20003320    000000a0     (.common:__TI_tmpnams)
                  200033c0    00000082     (.common:RxFifo0)
                  20003442    00000082     (.common:TxFifo0)
                  200034c4    00000040     (.common:String)
                  20003504    00000008     (.common:Messageb)
                  2000350c    00000008     (.common:Messagec)
                  20003514    00000008     (.common:parmbuf)
                  2000351c    00000004     (.common:ADCflag)
                  20003520    00000004     (.common:Done0)
                  20003524    00000004     (.common:Done2)
                  20003528    00000004     (.common:Elapsed)
                  2000352c    00000004     (.common:First)
                  20003530    00000004     (.common:I1)
                  20003534    00000004     (.common:LPFSum)
                  20003538    00000004     (.common:LPFSum2)
                  2000353c    00000004     (.common:LPFSum3)
                  20003540    00000004     (.common:MaxTime)
                  20003544    00000004     (.common:Messageindexb)
                  20003548    00000004     (.common:Messageindexc)
                  2000354c    00000004     (.common:NumErrors)
                  20003550    00000004     (.common:NumSuccess)
                  20003554    00000004     (.common:Port4Task)
                  20003558    00000004     (.common:Position)
                  2000355c    00000004     (.common:Pt)
                  20003560    00000004     (.common:Pt2)
                  20003564    00000004     (.common:Pt3)
                  20003568    00000004     (.common:Size)
                  2000356c    00000004     (.common:TimerA1Task)
                  20003570    00000004     (.common:nc)
                  20003574    00000004     (.common:nl)
                  20003578    00000004     (.common:nr)
                  2000357c    00000002     (.common:First0)
                  2000357e    00000002     (.common:First2)
                  20003580    00000002     (.common:Period0)
                  20003582    00000002     (.common:Period2)
                  20003584    00000001     (.common:CollisionData)
                  20003585    00000001     (.common:CollisionFlag)
                  20003586    00000001     (.common:Data)
                  20003587    00000001     (.common:ReadData)
                  20003588    00000001     (.common:TempData)
                  20003589    00000001     (.common:WriteData)

.sysmem    0    20003590    00000400     UNINITIALIZED
                  20003590    00000008     rtsv7M4_T_le_v4SPD16_eabi.lib : memory.obj (.sysmem)
                  20003598    000003f8     --HOLE--

.data      0    20003990    00000224     UNINITIALIZED
                  20003990    000000f0     rtsv7M4_T_le_v4SPD16_eabi.lib : defs.obj (.data:_ftable)
                  20003a80    00000078                                   : write.obj (.data:_device)
                  20003af8    00000050                                   : write.obj (.data:_stream)
                  20003b48    00000018     Clock.obj (.data)
                  20003b60    00000010     rtsv7M4_T_le_v4SPD16_eabi.lib : defs.obj (.data)
                  20003b70    0000000c                                   : exit.obj (.data:$O1$$)
                  20003b7c    0000000c                                   : memory.obj (.data:$O1$$)
                  20003b88    00000008                                   : _lock.obj (.data:$O1$$)
                  20003b90    00000008     Lab5_UARTmain.obj (.data)
                  20003b98    00000008     TA3InputCapture.obj (.data)
                  20003ba0    00000004     rtsv7M4_T_le_v4SPD16_eabi.lib : add_device.obj (.data)
                  20003ba4    00000004                                   : fopen.obj (.data)
                  20003ba8    00000004                                   : open.obj (.data)
                  20003bac    00000004                                   : stkdepth_vars.obj (.data)
                  20003bb0    00000004     system_msp432p401r.obj (.data)

.stack     0    2000fe00    00000200     UNINITIALIZED
                  2000fe00    00000200     --HOLE--

MODULE SUMMARY

       Module                        code    ro data   rw data
       ------                        ----    -------   -------
    .\
       LPF.obj                       776     0         24640  
       Lab5_UARTmain.obj             3664    0         268    
       FIFO0.obj                     528     0         1544   
       UART0.obj                     1724    0         24     
       EUSCIA0.obj                   1466    0         24     
       IRDistance.obj                824     0         0      
       system_msp432p401r.obj        812     0         8      
       Motor.obj                     620     0         0      
       ADC14.obj                     608     0         0      
       Reflectance.obj               580     8         0      
       PWM.obj                       552     0         0      
       Clock.obj                     480     0         48     
       BumpInt.obj                   348     0         8      
       TA3InputCapture.obj           296     0         16     
       LaunchPad.obj                 244     0         0      
       startup_msp432p401r_ccs.obj   14      228       0      
       TimerA1.obj                   168     0         8      
       SysTickInts.obj               64      0         0      
       CortexM.obj                   36      0         0      
    +--+-----------------------------+-------+---------+---------+
       Total:                        13804   236       26588  
                                                              
    C:\ti\ccsv7\tools\compiler\ti-cgt-arm_16.9.6.LTS\lib\rtsv7M4_T_le_v4SPD16_eabi.lib
       memory.obj                    976     0         24     
       defs.obj                      0       0         832    
       trgmsg.obj                    104     0         576    
       fopen.obj                     452     0         8      
       write.obj                     40      0         400    
       setvbuf.obj                   220     0         0      
       fflush.obj                    200     0         0      
       open.obj                      188     0         8      
       add_device.obj                184     0         8      
       memcpy_t2.obj                 156     0         0      
       fclose.obj                    152     0         0      
       memset_t2.obj                 122     0         0      
       autoinit.obj                  112     0         0      
       getdevice.obj                 112     0         0      
       hostopen.obj                  96      0         16     
       exit.obj                      84      0         24     
       copy_decompress_lzss.obj      104     0         0      
       hostlseek.obj                 104     0         0      
       hostrename.obj                104     0         0      
       close.obj                     92      0         0      
       hostread.obj                  88      0         0      
       hostwrite.obj                 88      0         0      
       boot.obj                      84      0         0      
       cpy_tbl.obj                   76      0         0      
       hostclose.obj                 68      0         0      
       hostunlink.obj                68      0         0      
       strncpy.obj                   54      0         0      
       unlink.obj                    44      0         0      
       _lock.obj                     20      0         16     
       args_main.obj                 24      0         0      
       strcmp.obj                    24      0         0      
       strchr.obj                    22      0         0      
       strcpy.obj                    20      0         0      
       strlen.obj                    20      0         0      
       copy_decompress_none.obj      14      0         0      
       copy_zero_init.obj            12      0         0      
       stkdepth_vars.obj             0       0         8      
       pre_init.obj                  4       0         0      
       mpu_init.obj                  2       0         0      
       startup.obj                   2       0         0      
    +--+-----------------------------+-------+---------+---------+
       Total:                        4336    0         1920   
                                                              
       Heap:                         0       0         2048   
       Stack:                        0       0         1024   
       Linker Generated:             0       163       0      
    +--+-----------------------------+-------+---------+---------+
       Grand Total:                  18140   399       31580  


LINKER GENERATED COPY TABLES

__TI_cinit_table @ 00004868 records: 2, size/record: 8, table size: 16
	.data: load addr=000047d0, load size=0000007f bytes, run addr=20003990, run size=00000224 bytes, compression=lzss
	.bss: load addr=00004860, load size=00000008 bytes, run addr=20000000, run size=0000358a bytes, compression=zero_init


LINKER GENERATED HANDLER TABLE

__TI_handler_table @ 00004850 records: 3, size/record: 4, table size: 12
	index: 0, handler: __TI_decompress_lzss
	index: 1, handler: __TI_decompress_none
	index: 2, handler: __TI_zero_init


GLOBAL SYMBOLS: SORTED ALPHABETICALLY BY Name 

address   name                           
-------   ----                           
00002c51  ADC0_InitSWTriggerCh12         
00002cc1  ADC0_InitSWTriggerCh17_12_16   
00002b55  ADC0_InitSWTriggerCh6          
00002bc5  ADC0_InitSWTriggerCh67         
000047b3  ADC14_IRQHandler               
00002ca1  ADC_In12                       
00002d31  ADC_In17_12_16                 
00002ba5  ADC_In6                        
00002c1b  ADC_In67                       
2000351c  ADCflag                        
000047b3  AES256_IRQHandler              
000037d5  BumpInt_Init                   
00003845  Bump_Read                      
000047b3  BusFault_Handler               
000044fd  C$$EXIT                        
00004303  C$$IO$$                        
000047b3  COMP_E0_IRQHandler             
000047b3  COMP_E1_IRQHandler             
20003b50  CPMwait                        
000047b3  CS_IRQHandler                  
20003b98  CaptureTask0                   
20003b9c  CaptureTask2                   
0000208d  CenterConvert                  
20003b48  ClockFrequency                 
00003585  Clock_Delay1ms                 
0000355b  Clock_Delay1us                 
00003547  Clock_GetFreq                  
00003431  Clock_Init48MHz                
20003584  CollisionData                  
20003585  CollisionFlag                  
20003b5c  Crystalstable                  
000047b3  DMA_ERR_IRQHandler             
000047b3  DMA_INT0_IRQHandler            
000047b3  DMA_INT1_IRQHandler            
000047b3  DMA_INT2_IRQHandler            
000047b3  DMA_INT3_IRQHandler            
20003586  Data                           
000047b3  DebugMon_Handler               
000047b3  Default_Handler                
000046f1  DisableInterrupts              
20003520  Done0                          
20003524  Done2                          
00001683  EUSCIA0_IRQHandler             
00001683  EUSCIA0_IRQHandler             
00001657  EUSCIA0_InChar                 
00001b21  EUSCIA0_InString               
000016d7  EUSCIA0_InUDec                 
000019d5  EUSCIA0_InUHex                 
000015f1  EUSCIA0_Init                   
00001669  EUSCIA0_OutChar                
000016b9  EUSCIA0_OutString              
0000175b  EUSCIA0_OutUDec                
000018ed  EUSCIA0_OutUDec4               
00001925  EUSCIA0_OutUDec5               
00001961  EUSCIA0_OutUFix1               
00001989  EUSCIA0_OutUFix2               
00001a9d  EUSCIA0_OutUHex                
00001b03  EUSCIA0_OutUHex2               
00001ae1  EUSCIA0outnibble               
000047b3  EUSCIA1_IRQHandler             
000047b3  EUSCIA2_IRQHandler             
000047b3  EUSCIA3_IRQHandler             
000047b3  EUSCIB0_IRQHandler             
000047b3  EUSCIB1_IRQHandler             
000047b3  EUSCIB2_IRQHandler             
000047b3  EUSCIB3_IRQHandler             
20003528  Elapsed                        
000046f7  EnableInterrupts               
00004707  EndCritical                    
000047b3  FLCTL_IRQHandler               
000047b3  FPU_IRQHandler                 
2000352c  First                          
2000357c  First0                         
2000357e  First2                         
0000459d  HOSTclose                      
00004205  HOSTlseek                      
0000433d  HOSTopen                       
000043f9  HOSTread                       
0000426d  HOSTrename                     
000045e1  HOSTunlink                     
00004451  HOSTwrite                      
000005e9  HandleCollision                
000047b3  HardFault_Handler              
20003530  I1                             
20003b58  IFlags                         
000004fd  IR_Move                        
20003534  LPFSum                         
20003538  LPFSum2                        
2000353c  LPFSum3                        
000026f5  LPF_Calc                       
0000279d  LPF_Calc2                      
00002861  LPF_Calc3                      
00002635  LPF_Calc_old                   
00002697  LPF_Init                       
00002749  LPF_Init2                      
000027ff  LPF_Init3                      
000025e1  LPF_Init_old                   
00003a59  LaunchPad_Init                 
00003ac9  LaunchPad_Input                
00003ae3  LaunchPad_LED                  
00003b01  LaunchPad_Output               
00001f7d  LeftConvert                    
20003540  MaxTime                        
000047b3  MemManage_Handler              
20003504  Messageb                       
2000350c  Messagec                       
20003544  Messageindexb                  
20003548  Messageindexc                  
000006dd  MotorMovt                      
00002a2b  Motor_Backward                 
00002987  Motor_Forward                  
000028e9  Motor_Init                     
00002a5b  Motor_LW                       
00002a8d  Motor_LWB                      
000029f1  Motor_Left                     
00002af1  Motor_RWB                      
00002abf  Motor_RWF                      
000029b7  Motor_Right                    
00002971  Motor_Stop                     
000047b3  NMI_Handler                    
2000354c  NumErrors                      
20003550  NumSuccess                     
000047b3  PCM_IRQHandler                 
000047b3  PORT1_IRQHandler               
000047b3  PORT2_IRQHandler               
000047b3  PORT3_IRQHandler               
000038f1  PORT4_IRQHandler               
000038f1  PORT4_IRQHandler               
000047b3  PORT5_IRQHandler               
000047b3  PORT6_IRQHandler               
000047b3  PSS_IRQHandler                 
000030e3  PWM_Duty1                      
00003103  PWM_Duty2                      
000031a7  PWM_Duty3                      
000031c7  PWM_Duty4                      
00002ff9  PWM_Init1                      
0000305f  PWM_Init12                     
00003123  PWM_Init34                     
000047b3  PendSV_Handler                 
20003580  Period0                        
20003582  Period2                        
00000455  PeriodMeasure0                 
00000491  PeriodMeasure2                 
20003554  Port4Task                      
00002dc1  Port5_Init                     
00002df5  Port7_Init                     
00002e3f  Port7_Input                    
00002e29  Port7_Output                   
20003558  Position                       
20003b54  Postwait                       
20003b4c  Prewait                        
00000141  Program5_1                     
000001af  Program5_2                     
0000026f  Program5_3                     
00000359  Program5_4                     
2000355c  Pt                             
20003560  Pt2                            
20003564  Pt3                            
00000839  RSLK_Reset                     
000047b3  RTC_C_IRQHandler               
000000e5  Random                         
20003587  ReadData                       
00002e87  Reflectance_Center             
00002fa5  Reflectance_End                
00002db5  Reflectance_Init               
00002f05  Reflectance_Position           
00002e47  Reflectance_Read               
00002f89  Reflectance_Start              
000047a7  Reset_Handler                  
0000219d  RightConvert                   
200033c0  RxFifo0                        
0000339b  RxFifo0_Get                    
00003341  RxFifo0_Init                   
0000334d  RxFifo0_Put                    
000033d9  RxFifo0_Size                   
UNDEFED   SHT$$INIT_ARRAY$$Base          
UNDEFED   SHT$$INIT_ARRAY$$Limit         
000047b3  SVC_Handler                    
00000849  SensorRead_ISR                 
20003568  Size                           
000046fd  StartCritical                  
200034c4  String                         
000047b3  SysTick_Handler                
00004625  SysTick_Init                   
20003bb0  SystemCoreClock                
000022b5  SystemCoreClockUpdate          
00002529  SystemInit                     
000047b3  T32_INT1_IRQHandler            
000047b3  T32_INT2_IRQHandler            
000047b3  T32_INTC_IRQHandler            
000047b3  TA0_0_IRQHandler               
000047b3  TA0_N_IRQHandler               
00003ed7  TA1_0_IRQHandler               
00003ed7  TA1_0_IRQHandler               
000047b3  TA1_N_IRQHandler               
000047b3  TA2_0_IRQHandler               
000047b3  TA2_N_IRQHandler               
000039df  TA3_0_IRQHandler               
000039df  TA3_0_IRQHandler               
000039f9  TA3_N_IRQHandler               
000039f9  TA3_N_IRQHandler               
20003588  TempData                       
000000fd  TestFifo                       
000004d1  TimedPause                     
2000356c  TimerA1Task                    
00003e65  TimerA1_Init                   
00003ec3  TimerA1_Stop                   
0000393d  TimerA3Capture_Init            
20003442  TxFifo0                        
000032ad  TxFifo0_Get                    
00003221  TxFifo0_Init                   
00003253  TxFifo0_Put                    
000032eb  TxFifo0_Size                   
20003000  TxHistogram                    
00000f7b  UART0_InChar                   
00001405  UART0_InString                 
00000fc5  UART0_InUDec                   
000012b9  UART0_InUHex                   
00000f35  UART0_Init                     
00001565  UART0_Initprintf               
00000f8b  UART0_OutChar                  
00000fa7  UART0_OutString                
00001049  UART0_OutUDec                  
000011b5  UART0_OutUDec4                 
00001209  UART0_OutUDec5                 
00001245  UART0_OutUFix1                 
0000126d  UART0_OutUFix2                 
0000137d  UART0_OutUHex                  
000013e9  UART0_OutUHex2                 
000047b3  UsageFault_Handler             
4000480c  WDTCTL_SYM                     
000047b3  WDT_A_IRQHandler               
0000470f  WaitForInterrupt               
20003589  WriteData                      
20003200  __CIOBUF_                      
20010000  __STACK_END                    
00000200  __STACK_SIZE                   
00000400  __SYSMEM_SIZE                  
00004868  __TI_CINIT_Base                
00004878  __TI_CINIT_Limit               
00004850  __TI_Handler_Table_Base        
0000485c  __TI_Handler_Table_Limit       
000040bd  __TI_auto_init                 
000036d9  __TI_cleanup                   
20003b70  __TI_cleanup_ptr               
00003fa9  __TI_closefile                 
0000419d  __TI_decompress_lzss           
00004799  __TI_decompress_none           
00003c29  __TI_doflush                   
20003b74  __TI_dtors_ptr                 
20003b78  __TI_enable_exit_profile_output
20003b60  __TI_ft_end                    
ffffffff  __TI_pprof_out_hndl            
ffffffff  __TI_prof_data_size            
ffffffff  __TI_prof_data_start           
00004307  __TI_readmsg                   
00000000  __TI_static_base__             
20003320  __TI_tmpnams                   
000042d5  __TI_writemsg                  
000047b5  __TI_zero_init                 
00004041  __aeabi_memclr                 
00004041  __aeabi_memclr4                
00004041  __aeabi_memclr8                
00003f0d  __aeabi_memcpy                 
00003f0d  __aeabi_memcpy4                
00003f0d  __aeabi_memcpy8                
00004043  __aeabi_memset                 
00004043  __aeabi_memset4                
00004043  __aeabi_memset8                
20003b6c  __aeabi_stderr                 
20003b64  __aeabi_stdin                  
20003b68  __aeabi_stdout                 
ffffffff  __binit__                      
ffffffff  __c_args__                     
00001bab  __mpu_init                     
2000fe00  __stack                        
00004715  _args_main                     
000044a9  _c_int00                       
20003a80  _device                        
20003990  _ftable                        
20003b88  _lock                          
0000476b  _nop                           
00004763  _register_lock                 
0000475d  _register_unlock               
20003af8  _stream                        
20003590  _sys_memory                    
000040bb  _system_post_cinit             
000047c1  _system_pre_init               
20003b8c  _unlock                        
00004501  abort                          
00003dad  add_device                     
ffffffff  binit                          
00001f4d  calloc                         
0000439d  close                          
00004551  copy_in                        
0000354d  delay                          
00004509  exit                           
0000400f  fclose                         
0000149f  ferror                         
00003c75  fflush                         
0000147f  fgetc                          
0000412d  finddevice                     
0000372f  fopen                          
00001c97  free                           
00003705  freopen                        
00004157  getdevice                      
00000000  interruptVectors               
000008ad  main                           
20003b90  main_count                     
20003bac  main_func_sp                   
00001c2d  malloc                         
00001e61  memalign                       
00003f0d  memcpy                         
00004049  memset                         
00001bad  minit                          
20003570  nc                             
20003574  nl                             
20003578  nr                             
00003cf1  open                           
000013c1  outnibble                      
20003514  parmbuf                        
00001d57  realloc                        
0000469d  remove                         
00003b4d  setvbuf                        
00004745  strchr                         
0000472d  strcmp                         
00004771  strcpy                         
00004785  strlen                         
00004665  strncpy                        
00003931  ta3dummy                       
000004f1  toggle_GPIO                    
000014bd  uart_close                     
0000153b  uart_lseek                     
000014ad  uart_open                      
000014cf  uart_read                      
00001557  uart_rename                    
0000154b  uart_unlink                    
000014f9  uart_write                     
0000469d  unlink                         
000046c9  write                          
20000000  x                              
20001000  x2                             
20002000  x3                             


GLOBAL SYMBOLS: SORTED BY Symbol Address 

address   name                           
-------   ----                           
00000000  __TI_static_base__             
00000000  interruptVectors               
000000e5  Random                         
000000fd  TestFifo                       
00000141  Program5_1                     
000001af  Program5_2                     
00000200  __STACK_SIZE                   
0000026f  Program5_3                     
00000359  Program5_4                     
00000400  __SYSMEM_SIZE                  
00000455  PeriodMeasure0                 
00000491  PeriodMeasure2                 
000004d1  TimedPause                     
000004f1  toggle_GPIO                    
000004fd  IR_Move                        
000005e9  HandleCollision                
000006dd  MotorMovt                      
00000839  RSLK_Reset                     
00000849  SensorRead_ISR                 
000008ad  main                           
00000f35  UART0_Init                     
00000f7b  UART0_InChar                   
00000f8b  UART0_OutChar                  
00000fa7  UART0_OutString                
00000fc5  UART0_InUDec                   
00001049  UART0_OutUDec                  
000011b5  UART0_OutUDec4                 
00001209  UART0_OutUDec5                 
00001245  UART0_OutUFix1                 
0000126d  UART0_OutUFix2                 
000012b9  UART0_InUHex                   
0000137d  UART0_OutUHex                  
000013c1  outnibble                      
000013e9  UART0_OutUHex2                 
00001405  UART0_InString                 
0000147f  fgetc                          
0000149f  ferror                         
000014ad  uart_open                      
000014bd  uart_close                     
000014cf  uart_read                      
000014f9  uart_write                     
0000153b  uart_lseek                     
0000154b  uart_unlink                    
00001557  uart_rename                    
00001565  UART0_Initprintf               
000015f1  EUSCIA0_Init                   
00001657  EUSCIA0_InChar                 
00001669  EUSCIA0_OutChar                
00001683  EUSCIA0_IRQHandler             
00001683  EUSCIA0_IRQHandler             
000016b9  EUSCIA0_OutString              
000016d7  EUSCIA0_InUDec                 
0000175b  EUSCIA0_OutUDec                
000018ed  EUSCIA0_OutUDec4               
00001925  EUSCIA0_OutUDec5               
00001961  EUSCIA0_OutUFix1               
00001989  EUSCIA0_OutUFix2               
000019d5  EUSCIA0_InUHex                 
00001a9d  EUSCIA0_OutUHex                
00001ae1  EUSCIA0outnibble               
00001b03  EUSCIA0_OutUHex2               
00001b21  EUSCIA0_InString               
00001bab  __mpu_init                     
00001bad  minit                          
00001c2d  malloc                         
00001c97  free                           
00001d57  realloc                        
00001e61  memalign                       
00001f4d  calloc                         
00001f7d  LeftConvert                    
0000208d  CenterConvert                  
0000219d  RightConvert                   
000022b5  SystemCoreClockUpdate          
00002529  SystemInit                     
000025e1  LPF_Init_old                   
00002635  LPF_Calc_old                   
00002697  LPF_Init                       
000026f5  LPF_Calc                       
00002749  LPF_Init2                      
0000279d  LPF_Calc2                      
000027ff  LPF_Init3                      
00002861  LPF_Calc3                      
000028e9  Motor_Init                     
00002971  Motor_Stop                     
00002987  Motor_Forward                  
000029b7  Motor_Right                    
000029f1  Motor_Left                     
00002a2b  Motor_Backward                 
00002a5b  Motor_LW                       
00002a8d  Motor_LWB                      
00002abf  Motor_RWF                      
00002af1  Motor_RWB                      
00002b55  ADC0_InitSWTriggerCh6          
00002ba5  ADC_In6                        
00002bc5  ADC0_InitSWTriggerCh67         
00002c1b  ADC_In67                       
00002c51  ADC0_InitSWTriggerCh12         
00002ca1  ADC_In12                       
00002cc1  ADC0_InitSWTriggerCh17_12_16   
00002d31  ADC_In17_12_16                 
00002db5  Reflectance_Init               
00002dc1  Port5_Init                     
00002df5  Port7_Init                     
00002e29  Port7_Output                   
00002e3f  Port7_Input                    
00002e47  Reflectance_Read               
00002e87  Reflectance_Center             
00002f05  Reflectance_Position           
00002f89  Reflectance_Start              
00002fa5  Reflectance_End                
00002ff9  PWM_Init1                      
0000305f  PWM_Init12                     
000030e3  PWM_Duty1                      
00003103  PWM_Duty2                      
00003123  PWM_Init34                     
000031a7  PWM_Duty3                      
000031c7  PWM_Duty4                      
00003221  TxFifo0_Init                   
00003253  TxFifo0_Put                    
000032ad  TxFifo0_Get                    
000032eb  TxFifo0_Size                   
00003341  RxFifo0_Init                   
0000334d  RxFifo0_Put                    
0000339b  RxFifo0_Get                    
000033d9  RxFifo0_Size                   
00003431  Clock_Init48MHz                
00003547  Clock_GetFreq                  
0000354d  delay                          
0000355b  Clock_Delay1us                 
00003585  Clock_Delay1ms                 
000036d9  __TI_cleanup                   
00003705  freopen                        
0000372f  fopen                          
000037d5  BumpInt_Init                   
00003845  Bump_Read                      
000038f1  PORT4_IRQHandler               
000038f1  PORT4_IRQHandler               
00003931  ta3dummy                       
0000393d  TimerA3Capture_Init            
000039df  TA3_0_IRQHandler               
000039df  TA3_0_IRQHandler               
000039f9  TA3_N_IRQHandler               
000039f9  TA3_N_IRQHandler               
00003a59  LaunchPad_Init                 
00003ac9  LaunchPad_Input                
00003ae3  LaunchPad_LED                  
00003b01  LaunchPad_Output               
00003b4d  setvbuf                        
00003c29  __TI_doflush                   
00003c75  fflush                         
00003cf1  open                           
00003dad  add_device                     
00003e65  TimerA1_Init                   
00003ec3  TimerA1_Stop                   
00003ed7  TA1_0_IRQHandler               
00003ed7  TA1_0_IRQHandler               
00003f0d  __aeabi_memcpy                 
00003f0d  __aeabi_memcpy4                
00003f0d  __aeabi_memcpy8                
00003f0d  memcpy                         
00003fa9  __TI_closefile                 
0000400f  fclose                         
00004041  __aeabi_memclr                 
00004041  __aeabi_memclr4                
00004041  __aeabi_memclr8                
00004043  __aeabi_memset                 
00004043  __aeabi_memset4                
00004043  __aeabi_memset8                
00004049  memset                         
000040bb  _system_post_cinit             
000040bd  __TI_auto_init                 
0000412d  finddevice                     
00004157  getdevice                      
0000419d  __TI_decompress_lzss           
00004205  HOSTlseek                      
0000426d  HOSTrename                     
000042d5  __TI_writemsg                  
00004303  C$$IO$$                        
00004307  __TI_readmsg                   
0000433d  HOSTopen                       
0000439d  close                          
000043f9  HOSTread                       
00004451  HOSTwrite                      
000044a9  _c_int00                       
000044fd  C$$EXIT                        
00004501  abort                          
00004509  exit                           
00004551  copy_in                        
0000459d  HOSTclose                      
000045e1  HOSTunlink                     
00004625  SysTick_Init                   
00004665  strncpy                        
0000469d  remove                         
0000469d  unlink                         
000046c9  write                          
000046f1  DisableInterrupts              
000046f7  EnableInterrupts               
000046fd  StartCritical                  
00004707  EndCritical                    
0000470f  WaitForInterrupt               
00004715  _args_main                     
0000472d  strcmp                         
00004745  strchr                         
0000475d  _register_unlock               
00004763  _register_lock                 
0000476b  _nop                           
00004771  strcpy                         
00004785  strlen                         
00004799  __TI_decompress_none           
000047a7  Reset_Handler                  
000047b3  ADC14_IRQHandler               
000047b3  AES256_IRQHandler              
000047b3  BusFault_Handler               
000047b3  COMP_E0_IRQHandler             
000047b3  COMP_E1_IRQHandler             
000047b3  CS_IRQHandler                  
000047b3  DMA_ERR_IRQHandler             
000047b3  DMA_INT0_IRQHandler            
000047b3  DMA_INT1_IRQHandler            
000047b3  DMA_INT2_IRQHandler            
000047b3  DMA_INT3_IRQHandler            
000047b3  DebugMon_Handler               
000047b3  Default_Handler                
000047b3  EUSCIA1_IRQHandler             
000047b3  EUSCIA2_IRQHandler             
000047b3  EUSCIA3_IRQHandler             
000047b3  EUSCIB0_IRQHandler             
000047b3  EUSCIB1_IRQHandler             
000047b3  EUSCIB2_IRQHandler             
000047b3  EUSCIB3_IRQHandler             
000047b3  FLCTL_IRQHandler               
000047b3  FPU_IRQHandler                 
000047b3  HardFault_Handler              
000047b3  MemManage_Handler              
000047b3  NMI_Handler                    
000047b3  PCM_IRQHandler                 
000047b3  PORT1_IRQHandler               
000047b3  PORT2_IRQHandler               
000047b3  PORT3_IRQHandler               
000047b3  PORT5_IRQHandler               
000047b3  PORT6_IRQHandler               
000047b3  PSS_IRQHandler                 
000047b3  PendSV_Handler                 
000047b3  RTC_C_IRQHandler               
000047b3  SVC_Handler                    
000047b3  SysTick_Handler                
000047b3  T32_INT1_IRQHandler            
000047b3  T32_INT2_IRQHandler            
000047b3  T32_INTC_IRQHandler            
000047b3  TA0_0_IRQHandler               
000047b3  TA0_N_IRQHandler               
000047b3  TA1_N_IRQHandler               
000047b3  TA2_0_IRQHandler               
000047b3  TA2_N_IRQHandler               
000047b3  UsageFault_Handler             
000047b3  WDT_A_IRQHandler               
000047b5  __TI_zero_init                 
000047c1  _system_pre_init               
00004850  __TI_Handler_Table_Base        
0000485c  __TI_Handler_Table_Limit       
00004868  __TI_CINIT_Base                
00004878  __TI_CINIT_Limit               
20000000  x                              
20001000  x2                             
20002000  x3                             
20003000  TxHistogram                    
20003200  __CIOBUF_                      
20003320  __TI_tmpnams                   
200033c0  RxFifo0                        
20003442  TxFifo0                        
200034c4  String                         
20003504  Messageb                       
2000350c  Messagec                       
20003514  parmbuf                        
2000351c  ADCflag                        
20003520  Done0                          
20003524  Done2                          
20003528  Elapsed                        
2000352c  First                          
20003530  I1                             
20003534  LPFSum                         
20003538  LPFSum2                        
2000353c  LPFSum3                        
20003540  MaxTime                        
20003544  Messageindexb                  
20003548  Messageindexc                  
2000354c  NumErrors                      
20003550  NumSuccess                     
20003554  Port4Task                      
20003558  Position                       
2000355c  Pt                             
20003560  Pt2                            
20003564  Pt3                            
20003568  Size                           
2000356c  TimerA1Task                    
20003570  nc                             
20003574  nl                             
20003578  nr                             
2000357c  First0                         
2000357e  First2                         
20003580  Period0                        
20003582  Period2                        
20003584  CollisionData                  
20003585  CollisionFlag                  
20003586  Data                           
20003587  ReadData                       
20003588  TempData                       
20003589  WriteData                      
20003590  _sys_memory                    
20003990  _ftable                        
20003a80  _device                        
20003af8  _stream                        
20003b48  ClockFrequency                 
20003b4c  Prewait                        
20003b50  CPMwait                        
20003b54  Postwait                       
20003b58  IFlags                         
20003b5c  Crystalstable                  
20003b60  __TI_ft_end                    
20003b64  __aeabi_stdin                  
20003b68  __aeabi_stdout                 
20003b6c  __aeabi_stderr                 
20003b70  __TI_cleanup_ptr               
20003b74  __TI_dtors_ptr                 
20003b78  __TI_enable_exit_profile_output
20003b88  _lock                          
20003b8c  _unlock                        
20003b90  main_count                     
20003b98  CaptureTask0                   
20003b9c  CaptureTask2                   
20003bac  main_func_sp                   
20003bb0  SystemCoreClock                
2000fe00  __stack                        
20010000  __STACK_END                    
4000480c  WDTCTL_SYM                     
ffffffff  __TI_pprof_out_hndl            
ffffffff  __TI_prof_data_size            
ffffffff  __TI_prof_data_start           
ffffffff  __binit__                      
ffffffff  __c_args__                     
ffffffff  binit                          
UNDEFED   SHT$$INIT_ARRAY$$Base          
UNDEFED   SHT$$INIT_ARRAY$$Limit         

[343 symbols]
