******************************************************************************
                  TI ARM Linker PC v16.9.6                     
******************************************************************************
>> Linked Tue Oct 22 16:40:00 2019

OUTPUT FILE NAME:   <Lab4_ADC_IRSensors.out>
ENTRY POINT SYMBOL: "_c_int00"  address: 000026b5


MEMORY CONFIGURATION

         name            origin    length      used     unused   attr    fill
----------------------  --------  ---------  --------  --------  ----  --------
  MAIN                  00000000   00040000  00002a28  0003d5d8  R  X
  INFO                  00200000   00004000  00000000  00004000  R  X
  SRAM_CODE             01000000   00010000  00003a1c  0000c5e4  RW X
  SRAM_DATA             20000000   00010000  00003a1c  0000c5e4  RW  


SEGMENT ALLOCATION MAP

run origin  load origin   length   init length attrs members
----------  ----------- ---------- ----------- ----- -------
00000000    00000000    00002a28   00002a28    r-x
  00000000    00000000    000000e4   000000e4    r-- .intvecs
  000000e4    000000e4    000028ac   000028ac    r-x .text
  00002990    00002990    00000098   00000098    r-- .cinit
20000000    20000000    0000381c   00000000    rw-
  20000000    20000000    00003208   00000000    rw- .bss
  20003208    20003208    00000400   00000000    rw- .sysmem
  20003608    20003608    00000214   00000000    rw- .data
2000fe00    2000fe00    00000200   00000000    rw-
  2000fe00    2000fe00    00000200   00000000    rw- .stack


SECTION ALLOCATION MAP

 output                                  attributes/
section   page    origin      length       input sections
--------  ----  ----------  ----------   ----------------
.intvecs   0    00000000    000000e4     
                  00000000    000000e4     startup_msp432p401r_ccs.obj (.intvecs:retain)

.binit     0    00000000    00000000     

.text      0    000000e4    000028ac     
                  000000e4    000006bc     UART0.obj (.text)
                  000007a0    000003d0     rtsv7M4_T_le_v4SPD16_eabi.lib : memory.obj (.text)
                  00000b70    00000338     IRDistance.obj (.text)
                  00000ea8    0000032c     system_msp432p401r.obj (.text)
                  000011d4    00000308     LPF.obj (.text)
                  000014dc    00000260     ADC14.obj (.text)
                  0000173c    000001e0     Clock.obj (.text)
                  0000191c    000001c4     rtsv7M4_T_le_v4SPD16_eabi.lib : fopen.obj (.text)
                  00001ae0    00000184     Lab4_ADCmain.obj (.text)
                  00001c64    000000f4     LaunchPad.obj (.text)
                  00001d58    000000dc     rtsv7M4_T_le_v4SPD16_eabi.lib : setvbuf.obj (.text)
                  00001e34    000000c8                                   : fflush.obj (.text)
                  00001efc    000000bc                                   : open.obj (.text)
                  00001fb8    000000b8                                   : add_device.obj (.text)
                  00002070    000000a8     TimerA1.obj (.text)
                  00002118    0000009c     rtsv7M4_T_le_v4SPD16_eabi.lib : memcpy_t2.obj (.text)
                  000021b4    00000098                                   : fclose.obj (.text)
                  0000224c    0000007a                                   : memset_t2.obj (.text)
                  000022c6    00000002                                   : mpu_init.obj (.text)
                  000022c8    00000070                                   : autoinit.obj (.text)
                  00002338    00000070                                   : getdevice.obj (.text)
                  000023a8    00000068                                   : copy_decompress_lzss.obj (.text:decompress:lzss)
                  00002410    00000068                                   : hostlseek.obj (.text)
                  00002478    00000068                                   : hostrename.obj (.text)
                  000024e0    00000068                                   : trgmsg.obj (.text)
                  00002548    00000060                                   : hostopen.obj (.text)
                  000025a8    0000005c                                   : close.obj (.text)
                  00002604    00000058                                   : hostread.obj (.text)
                  0000265c    00000058                                   : hostwrite.obj (.text)
                  000026b4    00000054                                   : boot.obj (.text)
                  00002708    00000054                                   : exit.obj (.text)
                  0000275c    0000004c                                   : cpy_tbl.obj (.text)
                  000027a8    00000044                                   : hostclose.obj (.text)
                  000027ec    00000044                                   : hostunlink.obj (.text)
                  00002830    00000036                                   : strncpy.obj (.text)
                  00002866    00000002                                   : startup.obj (.text)
                  00002868    0000002c                                   : unlink.obj (.text)
                  00002894    00000028                                   : write.obj (.text)
                  000028bc    00000024     CortexM.obj (.text)
                  000028e0    00000018     rtsv7M4_T_le_v4SPD16_eabi.lib : args_main.obj (.text)
                  000028f8    00000018                                   : strcmp.obj (.text)
                  00002910    00000016                                   : strchr.obj (.text)
                  00002926    00000002     --HOLE-- [fill = 0]
                  00002928    00000014                                   : _lock.obj (.text)
                  0000293c    00000014                                   : strcpy.obj (.text)
                  00002950    00000014                                   : strlen.obj (.text)
                  00002964    0000000e                                   : copy_decompress_none.obj (.text:decompress:none)
                  00002972    0000000e     startup_msp432p401r_ccs.obj (.text)
                  00002980    0000000c     rtsv7M4_T_le_v4SPD16_eabi.lib : copy_zero_init.obj (.text:decompress:ZI)
                  0000298c    00000004                                   : pre_init.obj (.text)

.cinit     0    00002990    00000098     
                  00002990    00000074     (.cinit..data.load) [load image, compression = lzss]
                  00002a04    0000000c     (__TI_handler_table)
                  00002a10    00000008     (.cinit..bss.load) [load image, compression = zero_init]
                  00002a18    00000010     (__TI_cinit_table)

.init_array 
*          0    00000000    00000000     UNINITIALIZED

.bss       0    20000000    00003208     UNINITIALIZED
                  20000000    00001000     (.common:x)
                  20001000    00001000     (.common:x2)
                  20002000    00001000     (.common:x3)
                  20003000    00000120     rtsv7M4_T_le_v4SPD16_eabi.lib : trgmsg.obj (.bss:_CIOBUF_)
                  20003120    000000a0     (.common:__TI_tmpnams)
                  200031c0    00000008     (.common:Messageb)
                  200031c8    00000008     (.common:parmbuf)
                  200031d0    00000004     (.common:ADCflag)
                  200031d4    00000004     (.common:I1)
                  200031d8    00000004     (.common:LPFSum)
                  200031dc    00000004     (.common:LPFSum2)
                  200031e0    00000004     (.common:LPFSum3)
                  200031e4    00000004     (.common:Messageindexb)
                  200031e8    00000004     (.common:Pt)
                  200031ec    00000004     (.common:Pt2)
                  200031f0    00000004     (.common:Pt3)
                  200031f4    00000004     (.common:Size)
                  200031f8    00000004     (.common:TimerA1Task)
                  200031fc    00000004     (.common:nc)
                  20003200    00000004     (.common:nl)
                  20003204    00000004     (.common:nr)

.sysmem    0    20003208    00000400     UNINITIALIZED
                  20003208    00000008     rtsv7M4_T_le_v4SPD16_eabi.lib : memory.obj (.sysmem)
                  20003210    000003f8     --HOLE--

.data      0    20003608    00000214     UNINITIALIZED
                  20003608    000000f0     rtsv7M4_T_le_v4SPD16_eabi.lib : defs.obj (.data:_ftable)
                  200036f8    00000078                                   : write.obj (.data:_device)
                  20003770    00000050                                   : write.obj (.data:_stream)
                  200037c0    00000018     Clock.obj (.data)
                  200037d8    00000010     rtsv7M4_T_le_v4SPD16_eabi.lib : defs.obj (.data)
                  200037e8    0000000c                                   : exit.obj (.data:$O1$$)
                  200037f4    0000000c                                   : memory.obj (.data:$O1$$)
                  20003800    00000008                                   : _lock.obj (.data:$O1$$)
                  20003808    00000004                                   : add_device.obj (.data)
                  2000380c    00000004                                   : fopen.obj (.data)
                  20003810    00000004                                   : open.obj (.data)
                  20003814    00000004                                   : stkdepth_vars.obj (.data)
                  20003818    00000004     system_msp432p401r.obj (.data)

.stack     0    2000fe00    00000200     UNINITIALIZED
                  2000fe00    00000200     --HOLE--

MODULE SUMMARY

       Module                        code    ro data   rw data
       ------                        ----    -------   -------
    .\
       LPF.obj                       776     0         24640  
       UART0.obj                     1724    0         24     
       IRDistance.obj                824     0         0      
       system_msp432p401r.obj        812     0         8      
       ADC14.obj                     608     0         0      
       Clock.obj                     480     0         48     
       Lab4_ADCmain.obj              388     0         32     
       LaunchPad.obj                 244     0         0      
       startup_msp432p401r_ccs.obj   14      228       0      
       TimerA1.obj                   168     0         8      
       CortexM.obj                   36      0         0      
    +--+-----------------------------+-------+---------+---------+
       Total:                        6074    228       24760  
                                                              
    C:\ti\ccsv7\tools\compiler\ti-cgt-arm_16.9.6.LTS\lib\rtsv7M4_T_le_v4SPD16_eabi.lib
       memory.obj                    976     0         24     
       defs.obj                      0       0         832    
       trgmsg.obj                    104     0         576    
       fopen.obj                     452     0         8      
       write.obj                     40      0         400    
       setvbuf.obj                   220     0         0      
       fflush.obj                    200     0         0      
       open.obj                      188     0         8      
       add_device.obj                184     0         8      
       memcpy_t2.obj                 156     0         0      
       fclose.obj                    152     0         0      
       memset_t2.obj                 122     0         0      
       autoinit.obj                  112     0         0      
       getdevice.obj                 112     0         0      
       hostopen.obj                  96      0         16     
       exit.obj                      84      0         24     
       copy_decompress_lzss.obj      104     0         0      
       hostlseek.obj                 104     0         0      
       hostrename.obj                104     0         0      
       close.obj                     92      0         0      
       hostread.obj                  88      0         0      
       hostwrite.obj                 88      0         0      
       boot.obj                      84      0         0      
       cpy_tbl.obj                   76      0         0      
       hostclose.obj                 68      0         0      
       hostunlink.obj                68      0         0      
       strncpy.obj                   54      0         0      
       unlink.obj                    44      0         0      
       _lock.obj                     20      0         16     
       args_main.obj                 24      0         0      
       strcmp.obj                    24      0         0      
       strchr.obj                    22      0         0      
       strcpy.obj                    20      0         0      
       strlen.obj                    20      0         0      
       copy_decompress_none.obj      14      0         0      
       copy_zero_init.obj            12      0         0      
       stkdepth_vars.obj             0       0         8      
       pre_init.obj                  4       0         0      
       mpu_init.obj                  2       0         0      
       startup.obj                   2       0         0      
    +--+-----------------------------+-------+---------+---------+
       Total:                        4336    0         1920   
                                                              
       Heap:                         0       0         2048   
       Stack:                        0       0         1024   
       Linker Generated:             0       152       0      
    +--+-----------------------------+-------+---------+---------+
       Grand Total:                  10410   380       29752  


LINKER GENERATED COPY TABLES

__TI_cinit_table @ 00002a18 records: 2, size/record: 8, table size: 16
	.data: load addr=00002990, load size=00000074 bytes, run addr=20003608, run size=00000214 bytes, compression=lzss
	.bss: load addr=00002a10, load size=00000008 bytes, run addr=20000000, run size=00003208 bytes, compression=zero_init


LINKER GENERATED HANDLER TABLE

__TI_handler_table @ 00002a04 records: 3, size/record: 4, table size: 12
	index: 0, handler: __TI_decompress_lzss
	index: 1, handler: __TI_decompress_none
	index: 2, handler: __TI_zero_init


GLOBAL SYMBOLS: SORTED ALPHABETICALLY BY Name 

address   name                           
-------   ----                           
000015d9  ADC0_InitSWTriggerCh12         
00001649  ADC0_InitSWTriggerCh17_12_16   
000014dd  ADC0_InitSWTriggerCh6          
0000154d  ADC0_InitSWTriggerCh67         
0000297f  ADC14_IRQHandler               
00001629  ADC_In12                       
000016b9  ADC_In17_12_16                 
0000152d  ADC_In6                        
000015a3  ADC_In67                       
200031d0  ADCflag                        
0000297f  AES256_IRQHandler              
0000297f  BusFault_Handler               
00002709  C$$EXIT                        
0000250f  C$$IO$$                        
0000297f  COMP_E0_IRQHandler             
0000297f  COMP_E1_IRQHandler             
200037c8  CPMwait                        
0000297f  CS_IRQHandler                  
00000c81  CenterConvert                  
200037c0  ClockFrequency                 
00001891  Clock_Delay1ms                 
00001867  Clock_Delay1us                 
00001853  Clock_GetFreq                  
0000173d  Clock_Init48MHz                
200037d4  Crystalstable                  
0000297f  DMA_ERR_IRQHandler             
0000297f  DMA_INT0_IRQHandler            
0000297f  DMA_INT1_IRQHandler            
0000297f  DMA_INT2_IRQHandler            
0000297f  DMA_INT3_IRQHandler            
0000297f  DebugMon_Handler               
0000297f  Default_Handler                
000028bd  DisableInterrupts              
0000297f  EUSCIA0_IRQHandler             
0000297f  EUSCIA1_IRQHandler             
0000297f  EUSCIA2_IRQHandler             
0000297f  EUSCIA3_IRQHandler             
0000297f  EUSCIB0_IRQHandler             
0000297f  EUSCIB1_IRQHandler             
0000297f  EUSCIB2_IRQHandler             
0000297f  EUSCIB3_IRQHandler             
000028c3  EnableInterrupts               
000028d3  EndCritical                    
0000297f  FLCTL_IRQHandler               
0000297f  FPU_IRQHandler                 
000027a9  HOSTclose                      
00002411  HOSTlseek                      
00002549  HOSTopen                       
00002605  HOSTread                       
00002479  HOSTrename                     
000027ed  HOSTunlink                     
0000265d  HOSTwrite                      
0000297f  HardFault_Handler              
200031d4  I1                             
200037d0  IFlags                         
200031d8  LPFSum                         
200031dc  LPFSum2                        
200031e0  LPFSum3                        
000012e9  LPF_Calc                       
00001391  LPF_Calc2                      
00001455  LPF_Calc3                      
00001229  LPF_Calc_old                   
0000128b  LPF_Init                       
0000133d  LPF_Init2                      
000013f3  LPF_Init3                      
000011d5  LPF_Init_old                   
00001c65  LaunchPad_Init                 
00001cd5  LaunchPad_Input                
00001cef  LaunchPad_LED                  
00001d0d  LaunchPad_Output               
00000b71  LeftConvert                    
0000297f  MemManage_Handler              
200031c0  Messageb                       
200031e4  Messageindexb                  
0000297f  NMI_Handler                    
0000297f  PCM_IRQHandler                 
0000297f  PORT1_IRQHandler               
0000297f  PORT2_IRQHandler               
0000297f  PORT3_IRQHandler               
0000297f  PORT4_IRQHandler               
0000297f  PORT5_IRQHandler               
0000297f  PORT6_IRQHandler               
0000297f  PSS_IRQHandler                 
0000297f  PendSV_Handler                 
200037cc  Postwait                       
200037c4  Prewait                        
200031e8  Pt                             
200031ec  Pt2                            
200031f0  Pt3                            
0000297f  RTC_C_IRQHandler               
00002973  Reset_Handler                  
00000d91  RightConvert                   
UNDEFED   SHT$$INIT_ARRAY$$Base          
UNDEFED   SHT$$INIT_ARRAY$$Limit         
0000297f  SVC_Handler                    
00001ae1  SensorRead_ISR                 
200031f4  Size                           
000028c9  StartCritical                  
0000297f  SysTick_Handler                
20003818  SystemCoreClock                
00000ea9  SystemCoreClockUpdate          
0000111d  SystemInit                     
0000297f  T32_INT1_IRQHandler            
0000297f  T32_INT2_IRQHandler            
0000297f  T32_INTC_IRQHandler            
0000297f  TA0_0_IRQHandler               
0000297f  TA0_N_IRQHandler               
000020e3  TA1_0_IRQHandler               
000020e3  TA1_0_IRQHandler               
0000297f  TA1_N_IRQHandler               
0000297f  TA2_0_IRQHandler               
0000297f  TA2_N_IRQHandler               
0000297f  TA3_0_IRQHandler               
0000297f  TA3_N_IRQHandler               
200031f8  TimerA1Task                    
00002071  TimerA1_Init                   
000020cf  TimerA1_Stop                   
0000012b  UART0_InChar                   
000005b5  UART0_InString                 
00000175  UART0_InUDec                   
00000469  UART0_InUHex                   
000000e5  UART0_Init                     
00000715  UART0_Initprintf               
0000013b  UART0_OutChar                  
00000157  UART0_OutString                
000001f9  UART0_OutUDec                  
00000365  UART0_OutUDec4                 
000003b9  UART0_OutUDec5                 
000003f5  UART0_OutUFix1                 
0000041d  UART0_OutUFix2                 
0000052d  UART0_OutUHex                  
00000599  UART0_OutUHex2                 
0000297f  UsageFault_Handler             
4000480c  WDTCTL_SYM                     
0000297f  WDT_A_IRQHandler               
000028db  WaitForInterrupt               
20003000  __CIOBUF_                      
20010000  __STACK_END                    
00000200  __STACK_SIZE                   
00000400  __SYSMEM_SIZE                  
00002a18  __TI_CINIT_Base                
00002a28  __TI_CINIT_Limit               
00002a04  __TI_Handler_Table_Base        
00002a10  __TI_Handler_Table_Limit       
000022c9  __TI_auto_init                 
000019e5  __TI_cleanup                   
200037e8  __TI_cleanup_ptr               
000021b5  __TI_closefile                 
000023a9  __TI_decompress_lzss           
00002965  __TI_decompress_none           
00001e35  __TI_doflush                   
200037ec  __TI_dtors_ptr                 
200037f0  __TI_enable_exit_profile_output
200037d8  __TI_ft_end                    
ffffffff  __TI_pprof_out_hndl            
ffffffff  __TI_prof_data_size            
ffffffff  __TI_prof_data_start           
00002513  __TI_readmsg                   
00000000  __TI_static_base__             
20003120  __TI_tmpnams                   
000024e1  __TI_writemsg                  
00002981  __TI_zero_init                 
0000224d  __aeabi_memclr                 
0000224d  __aeabi_memclr4                
0000224d  __aeabi_memclr8                
00002119  __aeabi_memcpy                 
00002119  __aeabi_memcpy4                
00002119  __aeabi_memcpy8                
0000224f  __aeabi_memset                 
0000224f  __aeabi_memset4                
0000224f  __aeabi_memset8                
200037e4  __aeabi_stderr                 
200037dc  __aeabi_stdin                  
200037e0  __aeabi_stdout                 
ffffffff  __binit__                      
ffffffff  __c_args__                     
000022c7  __mpu_init                     
2000fe00  __stack                        
000028e1  _args_main                     
000026b5  _c_int00                       
200036f8  _device                        
20003608  _ftable                        
20003800  _lock                          
00002937  _nop                           
0000292f  _register_lock                 
00002929  _register_unlock               
20003770  _stream                        
20003208  _sys_memory                    
00002867  _system_post_cinit             
0000298d  _system_pre_init               
20003804  _unlock                        
0000270d  abort                          
00001fb9  add_device                     
ffffffff  binit                          
00000b41  calloc                         
000025a9  close                          
0000275d  copy_in                        
00001859  delay                          
00002715  exit                           
0000221b  fclose                         
0000064f  ferror                         
00001e81  fflush                         
0000062f  fgetc                          
00002339  finddevice                     
00001a3b  fopen                          
0000088b  free                           
00001a11  freopen                        
00002363  getdevice                      
00000000  interruptVectors               
00001b31  main                           
20003814  main_func_sp                   
00000821  malloc                         
00000a55  memalign                       
00002119  memcpy                         
00002255  memset                         
000007a1  minit                          
200031fc  nc                             
20003200  nl                             
20003204  nr                             
00001efd  open                           
00000571  outnibble                      
200031c8  parmbuf                        
0000094b  realloc                        
00002869  remove                         
00001d59  setvbuf                        
00002911  strchr                         
000028f9  strcmp                         
0000293d  strcpy                         
00002951  strlen                         
00002831  strncpy                        
0000066d  uart_close                     
000006eb  uart_lseek                     
0000065d  uart_open                      
0000067f  uart_read                      
00000707  uart_rename                    
000006fb  uart_unlink                    
000006a9  uart_write                     
00002869  unlink                         
00002895  write                          
20000000  x                              
20001000  x2                             
20002000  x3                             


GLOBAL SYMBOLS: SORTED BY Symbol Address 

address   name                           
-------   ----                           
00000000  __TI_static_base__             
00000000  interruptVectors               
000000e5  UART0_Init                     
0000012b  UART0_InChar                   
0000013b  UART0_OutChar                  
00000157  UART0_OutString                
00000175  UART0_InUDec                   
000001f9  UART0_OutUDec                  
00000200  __STACK_SIZE                   
00000365  UART0_OutUDec4                 
000003b9  UART0_OutUDec5                 
000003f5  UART0_OutUFix1                 
00000400  __SYSMEM_SIZE                  
0000041d  UART0_OutUFix2                 
00000469  UART0_InUHex                   
0000052d  UART0_OutUHex                  
00000571  outnibble                      
00000599  UART0_OutUHex2                 
000005b5  UART0_InString                 
0000062f  fgetc                          
0000064f  ferror                         
0000065d  uart_open                      
0000066d  uart_close                     
0000067f  uart_read                      
000006a9  uart_write                     
000006eb  uart_lseek                     
000006fb  uart_unlink                    
00000707  uart_rename                    
00000715  UART0_Initprintf               
000007a1  minit                          
00000821  malloc                         
0000088b  free                           
0000094b  realloc                        
00000a55  memalign                       
00000b41  calloc                         
00000b71  LeftConvert                    
00000c81  CenterConvert                  
00000d91  RightConvert                   
00000ea9  SystemCoreClockUpdate          
0000111d  SystemInit                     
000011d5  LPF_Init_old                   
00001229  LPF_Calc_old                   
0000128b  LPF_Init                       
000012e9  LPF_Calc                       
0000133d  LPF_Init2                      
00001391  LPF_Calc2                      
000013f3  LPF_Init3                      
00001455  LPF_Calc3                      
000014dd  ADC0_InitSWTriggerCh6          
0000152d  ADC_In6                        
0000154d  ADC0_InitSWTriggerCh67         
000015a3  ADC_In67                       
000015d9  ADC0_InitSWTriggerCh12         
00001629  ADC_In12                       
00001649  ADC0_InitSWTriggerCh17_12_16   
000016b9  ADC_In17_12_16                 
0000173d  Clock_Init48MHz                
00001853  Clock_GetFreq                  
00001859  delay                          
00001867  Clock_Delay1us                 
00001891  Clock_Delay1ms                 
000019e5  __TI_cleanup                   
00001a11  freopen                        
00001a3b  fopen                          
00001ae1  SensorRead_ISR                 
00001b31  main                           
00001c65  LaunchPad_Init                 
00001cd5  LaunchPad_Input                
00001cef  LaunchPad_LED                  
00001d0d  LaunchPad_Output               
00001d59  setvbuf                        
00001e35  __TI_doflush                   
00001e81  fflush                         
00001efd  open                           
00001fb9  add_device                     
00002071  TimerA1_Init                   
000020cf  TimerA1_Stop                   
000020e3  TA1_0_IRQHandler               
000020e3  TA1_0_IRQHandler               
00002119  __aeabi_memcpy                 
00002119  __aeabi_memcpy4                
00002119  __aeabi_memcpy8                
00002119  memcpy                         
000021b5  __TI_closefile                 
0000221b  fclose                         
0000224d  __aeabi_memclr                 
0000224d  __aeabi_memclr4                
0000224d  __aeabi_memclr8                
0000224f  __aeabi_memset                 
0000224f  __aeabi_memset4                
0000224f  __aeabi_memset8                
00002255  memset                         
000022c7  __mpu_init                     
000022c9  __TI_auto_init                 
00002339  finddevice                     
00002363  getdevice                      
000023a9  __TI_decompress_lzss           
00002411  HOSTlseek                      
00002479  HOSTrename                     
000024e1  __TI_writemsg                  
0000250f  C$$IO$$                        
00002513  __TI_readmsg                   
00002549  HOSTopen                       
000025a9  close                          
00002605  HOSTread                       
0000265d  HOSTwrite                      
000026b5  _c_int00                       
00002709  C$$EXIT                        
0000270d  abort                          
00002715  exit                           
0000275d  copy_in                        
000027a9  HOSTclose                      
000027ed  HOSTunlink                     
00002831  strncpy                        
00002867  _system_post_cinit             
00002869  remove                         
00002869  unlink                         
00002895  write                          
000028bd  DisableInterrupts              
000028c3  EnableInterrupts               
000028c9  StartCritical                  
000028d3  EndCritical                    
000028db  WaitForInterrupt               
000028e1  _args_main                     
000028f9  strcmp                         
00002911  strchr                         
00002929  _register_unlock               
0000292f  _register_lock                 
00002937  _nop                           
0000293d  strcpy                         
00002951  strlen                         
00002965  __TI_decompress_none           
00002973  Reset_Handler                  
0000297f  ADC14_IRQHandler               
0000297f  AES256_IRQHandler              
0000297f  BusFault_Handler               
0000297f  COMP_E0_IRQHandler             
0000297f  COMP_E1_IRQHandler             
0000297f  CS_IRQHandler                  
0000297f  DMA_ERR_IRQHandler             
0000297f  DMA_INT0_IRQHandler            
0000297f  DMA_INT1_IRQHandler            
0000297f  DMA_INT2_IRQHandler            
0000297f  DMA_INT3_IRQHandler            
0000297f  DebugMon_Handler               
0000297f  Default_Handler                
0000297f  EUSCIA0_IRQHandler             
0000297f  EUSCIA1_IRQHandler             
0000297f  EUSCIA2_IRQHandler             
0000297f  EUSCIA3_IRQHandler             
0000297f  EUSCIB0_IRQHandler             
0000297f  EUSCIB1_IRQHandler             
0000297f  EUSCIB2_IRQHandler             
0000297f  EUSCIB3_IRQHandler             
0000297f  FLCTL_IRQHandler               
0000297f  FPU_IRQHandler                 
0000297f  HardFault_Handler              
0000297f  MemManage_Handler              
0000297f  NMI_Handler                    
0000297f  PCM_IRQHandler                 
0000297f  PORT1_IRQHandler               
0000297f  PORT2_IRQHandler               
0000297f  PORT3_IRQHandler               
0000297f  PORT4_IRQHandler               
0000297f  PORT5_IRQHandler               
0000297f  PORT6_IRQHandler               
0000297f  PSS_IRQHandler                 
0000297f  PendSV_Handler                 
0000297f  RTC_C_IRQHandler               
0000297f  SVC_Handler                    
0000297f  SysTick_Handler                
0000297f  T32_INT1_IRQHandler            
0000297f  T32_INT2_IRQHandler            
0000297f  T32_INTC_IRQHandler            
0000297f  TA0_0_IRQHandler               
0000297f  TA0_N_IRQHandler               
0000297f  TA1_N_IRQHandler               
0000297f  TA2_0_IRQHandler               
0000297f  TA2_N_IRQHandler               
0000297f  TA3_0_IRQHandler               
0000297f  TA3_N_IRQHandler               
0000297f  UsageFault_Handler             
0000297f  WDT_A_IRQHandler               
00002981  __TI_zero_init                 
0000298d  _system_pre_init               
00002a04  __TI_Handler_Table_Base        
00002a10  __TI_Handler_Table_Limit       
00002a18  __TI_CINIT_Base                
00002a28  __TI_CINIT_Limit               
20000000  x                              
20001000  x2                             
20002000  x3                             
20003000  __CIOBUF_                      
20003120  __TI_tmpnams                   
200031c0  Messageb                       
200031c8  parmbuf                        
200031d0  ADCflag                        
200031d4  I1                             
200031d8  LPFSum                         
200031dc  LPFSum2                        
200031e0  LPFSum3                        
200031e4  Messageindexb                  
200031e8  Pt                             
200031ec  Pt2                            
200031f0  Pt3                            
200031f4  Size                           
200031f8  TimerA1Task                    
200031fc  nc                             
20003200  nl                             
20003204  nr                             
20003208  _sys_memory                    
20003608  _ftable                        
200036f8  _device                        
20003770  _stream                        
200037c0  ClockFrequency                 
200037c4  Prewait                        
200037c8  CPMwait                        
200037cc  Postwait                       
200037d0  IFlags                         
200037d4  Crystalstable                  
200037d8  __TI_ft_end                    
200037dc  __aeabi_stdin                  
200037e0  __aeabi_stdout                 
200037e4  __aeabi_stderr                 
200037e8  __TI_cleanup_ptr               
200037ec  __TI_dtors_ptr                 
200037f0  __TI_enable_exit_profile_output
20003800  _lock                          
20003804  _unlock                        
20003814  main_func_sp                   
20003818  SystemCoreClock                
2000fe00  __stack                        
20010000  __STACK_END                    
4000480c  WDTCTL_SYM                     
ffffffff  __TI_pprof_out_hndl            
ffffffff  __TI_prof_data_size            
ffffffff  __TI_prof_data_start           
ffffffff  __binit__                      
ffffffff  __c_args__                     
ffffffff  binit                          
UNDEFED   SHT$$INIT_ARRAY$$Base          
UNDEFED   SHT$$INIT_ARRAY$$Limit         

[242 symbols]
