******************************************************************************
                  TI ARM Linker PC v16.9.6                     
******************************************************************************
>> Linked Tue Oct 22 15:05:47 2019

OUTPUT FILE NAME:   <Lab4ref_ADCSWTrigger.out>
ENTRY POINT SYMBOL: "_c_int00"  address: 00002329


MEMORY CONFIGURATION

         name            origin    length      used     unused   attr    fill
----------------------  --------  ---------  --------  --------  ----  --------
  MAIN                  00000000   00040000  000026dc  0003d924  R  X
  INFO                  00200000   00004000  00000000  00004000  R  X
  SRAM_CODE             01000000   00010000  00002c10  0000d3f0  RW X
  SRAM_DATA             20000000   00010000  00002c10  0000d3f0  RW  


SEGMENT ALLOCATION MAP

run origin  load origin   length   init length attrs members
----------  ----------- ---------- ----------- ----- -------
00000000    00000000    000026e0   000026e0    r-x
  00000000    00000000    000000e4   000000e4    r-- .intvecs
  000000e4    000000e4    00002560   00002560    r-x .text
  00002648    00002648    00000098   00000098    r-- .cinit
20000000    20000000    00002a14   00000000    rw-
  20000000    20000000    000023fc   00000000    rw- .bss
  20002400    20002400    00000400   00000000    rw- .sysmem
  20002800    20002800    00000214   00000000    rw- .data
2000fe00    2000fe00    00000200   00000000    rw-
  2000fe00    2000fe00    00000200   00000000    rw- .stack


SECTION ALLOCATION MAP

 output                                  attributes/
section   page    origin      length       input sections
--------  ----  ----------  ----------   ----------------
.intvecs   0    00000000    000000e4     
                  00000000    000000e4     startup_msp432p401r_ccs.obj (.intvecs:retain)

.binit     0    00000000    00000000     

.text      0    000000e4    00002560     
                  000000e4    000006bc     UART0.obj (.text)
                  000007a0    000005a8     ADCSWTriggermain.obj (.text)
                  00000d48    000003d0     rtsv7M4_T_le_v4SPD16_eabi.lib : memory.obj (.text)
                  00001118    0000032c     system_msp432p401r.obj (.text)
                  00001444    000001e0     Clock.obj (.text)
                  00001624    000001c4     rtsv7M4_T_le_v4SPD16_eabi.lib : fopen.obj (.text)
                  000017e8    00000198     ADC14.obj (.text)
                  00001980    000000f4     LaunchPad.obj (.text)
                  00001a74    000000dc     rtsv7M4_T_le_v4SPD16_eabi.lib : setvbuf.obj (.text)
                  00001b50    000000c8                                   : fflush.obj (.text)
                  00001c18    000000bc                                   : open.obj (.text)
                  00001cd4    000000b8                                   : add_device.obj (.text)
                  00001d8c    0000009c                                   : memcpy_t2.obj (.text)
                  00001e28    00000098                                   : fclose.obj (.text)
                  00001ec0    0000007a                                   : memset_t2.obj (.text)
                  00001f3a    00000002                                   : mpu_init.obj (.text)
                  00001f3c    00000070                                   : autoinit.obj (.text)
                  00001fac    00000070                                   : getdevice.obj (.text)
                  0000201c    00000068                                   : copy_decompress_lzss.obj (.text:decompress:lzss)
                  00002084    00000068                                   : hostlseek.obj (.text)
                  000020ec    00000068                                   : hostrename.obj (.text)
                  00002154    00000068                                   : trgmsg.obj (.text)
                  000021bc    00000060                                   : hostopen.obj (.text)
                  0000221c    0000005c                                   : close.obj (.text)
                  00002278    00000058                                   : hostread.obj (.text)
                  000022d0    00000058                                   : hostwrite.obj (.text)
                  00002328    00000054                                   : boot.obj (.text)
                  0000237c    00000054                                   : exit.obj (.text)
                  000023d0    0000004c                                   : cpy_tbl.obj (.text)
                  0000241c    00000044                                   : hostclose.obj (.text)
                  00002460    00000044                                   : hostunlink.obj (.text)
                  000024a4    00000040     SysTickInts.obj (.text)
                  000024e4    00000036     rtsv7M4_T_le_v4SPD16_eabi.lib : strncpy.obj (.text)
                  0000251a    00000002                                   : startup.obj (.text)
                  0000251c    0000002c                                   : unlink.obj (.text)
                  00002548    00000028                                   : write.obj (.text)
                  00002570    00000024     CortexM.obj (.text)
                  00002594    00000018     rtsv7M4_T_le_v4SPD16_eabi.lib : args_main.obj (.text)
                  000025ac    00000018                                   : strcmp.obj (.text)
                  000025c4    00000016                                   : strchr.obj (.text)
                  000025da    00000002     --HOLE-- [fill = 0]
                  000025dc    00000014                                   : _lock.obj (.text)
                  000025f0    00000014                                   : strcpy.obj (.text)
                  00002604    00000014                                   : strlen.obj (.text)
                  00002618    0000000e                                   : copy_decompress_none.obj (.text:decompress:none)
                  00002626    0000000e     startup_msp432p401r_ccs.obj (.text)
                  00002634    0000000c     rtsv7M4_T_le_v4SPD16_eabi.lib : copy_zero_init.obj (.text:decompress:ZI)
                  00002640    00000004                                   : pre_init.obj (.text)

.cinit     0    00002648    00000098     
                  00002648    00000073     (.cinit..data.load) [load image, compression = lzss]
                  000026bb    00000001     --HOLE-- [fill = 0]
                  000026bc    0000000c     (__TI_handler_table)
                  000026c8    00000008     (.cinit..bss.load) [load image, compression = zero_init]
                  000026d0    00000010     (__TI_cinit_table)

.init_array 
*          0    00000000    00000000     UNINITIALIZED

.bss       0    20000000    000023fc     UNINITIALIZED
                  20000000    00001000     (.common:Data)
                  20001000    00001000     (.common:x)
                  20002000    00000200     (.common:Histogram)
                  20002200    00000120     rtsv7M4_T_le_v4SPD16_eabi.lib : trgmsg.obj (.bss:_CIOBUF_)
                  20002320    000000a0     (.common:__TI_tmpnams)
                  200023c0    00000008     (.common:Messageb)
                  200023c8    00000008     (.common:parmbuf)
                  200023d0    00000004     (.common:ADCflag)
                  200023d4    00000004     (.common:ADCvalue)
                  200023d8    00000004     (.common:Average)
                  200023dc    00000004     (.common:LPFSum)
                  200023e0    00000004     (.common:Messageindexb)
                  200023e4    00000004     (.common:Pt)
                  200023e8    00000004     (.common:Sigma)
                  200023ec    00000004     (.common:Size)
                  200023f0    00000004     (.common:Sum)
                  200023f4    00000004     (.common:Sum2)
                  200023f8    00000004     (.common:Variance)

.sysmem    0    20002400    00000400     UNINITIALIZED
                  20002400    00000008     rtsv7M4_T_le_v4SPD16_eabi.lib : memory.obj (.sysmem)
                  20002408    000003f8     --HOLE--

.data      0    20002800    00000214     UNINITIALIZED
                  20002800    000000f0     rtsv7M4_T_le_v4SPD16_eabi.lib : defs.obj (.data:_ftable)
                  200028f0    00000078                                   : write.obj (.data:_device)
                  20002968    00000050                                   : write.obj (.data:_stream)
                  200029b8    00000018     Clock.obj (.data)
                  200029d0    00000010     rtsv7M4_T_le_v4SPD16_eabi.lib : defs.obj (.data)
                  200029e0    0000000c                                   : exit.obj (.data:$O1$$)
                  200029ec    0000000c                                   : memory.obj (.data:$O1$$)
                  200029f8    00000008                                   : _lock.obj (.data:$O1$$)
                  20002a00    00000004                                   : add_device.obj (.data)
                  20002a04    00000004                                   : fopen.obj (.data)
                  20002a08    00000004                                   : open.obj (.data)
                  20002a0c    00000004                                   : stkdepth_vars.obj (.data)
                  20002a10    00000004     system_msp432p401r.obj (.data)

.stack     0    2000fe00    00000200     UNINITIALIZED
                  2000fe00    00000200     --HOLE--

MODULE SUMMARY

       Module                        code   ro data   rw data
       ------                        ----   -------   -------
    .\
       ADCSWTriggermain.obj          1448   0         17488  
       UART0.obj                     1724   0         24     
       system_msp432p401r.obj        812    0         8      
       Clock.obj                     480    0         48     
       ADC14.obj                     408    0         0      
       LaunchPad.obj                 244    0         0      
       startup_msp432p401r_ccs.obj   14     228       0      
       SysTickInts.obj               64     0         0      
       CortexM.obj                   36     0         0      
    +--+-----------------------------+------+---------+---------+
       Total:                        5230   228       17568  
                                                             
    C:\ti\ccsv7\tools\compiler\ti-cgt-arm_16.9.6.LTS\lib\rtsv7M4_T_le_v4SPD16_eabi.lib
       memory.obj                    976    0         24     
       defs.obj                      0      0         832    
       trgmsg.obj                    104    0         576    
       fopen.obj                     452    0         8      
       write.obj                     40     0         400    
       setvbuf.obj                   220    0         0      
       fflush.obj                    200    0         0      
       open.obj                      188    0         8      
       add_device.obj                184    0         8      
       memcpy_t2.obj                 156    0         0      
       fclose.obj                    152    0         0      
       memset_t2.obj                 122    0         0      
       autoinit.obj                  112    0         0      
       getdevice.obj                 112    0         0      
       hostopen.obj                  96     0         16     
       exit.obj                      84     0         24     
       copy_decompress_lzss.obj      104    0         0      
       hostlseek.obj                 104    0         0      
       hostrename.obj                104    0         0      
       close.obj                     92     0         0      
       hostread.obj                  88     0         0      
       hostwrite.obj                 88     0         0      
       boot.obj                      84     0         0      
       cpy_tbl.obj                   76     0         0      
       hostclose.obj                 68     0         0      
       hostunlink.obj                68     0         0      
       strncpy.obj                   54     0         0      
       unlink.obj                    44     0         0      
       _lock.obj                     20     0         16     
       args_main.obj                 24     0         0      
       strcmp.obj                    24     0         0      
       strchr.obj                    22     0         0      
       strcpy.obj                    20     0         0      
       strlen.obj                    20     0         0      
       copy_decompress_none.obj      14     0         0      
       copy_zero_init.obj            12     0         0      
       stkdepth_vars.obj             0      0         8      
       pre_init.obj                  4      0         0      
       mpu_init.obj                  2      0         0      
       startup.obj                   2      0         0      
    +--+-----------------------------+------+---------+---------+
       Total:                        4336   0         1920   
                                                             
       Heap:                         0      0         2048   
       Stack:                        0      0         1024   
       Linker Generated:             0      151       0      
    +--+-----------------------------+------+---------+---------+
       Grand Total:                  9566   379       22560  


LINKER GENERATED COPY TABLES

__TI_cinit_table @ 000026d0 records: 2, size/record: 8, table size: 16
	.data: load addr=00002648, load size=00000073 bytes, run addr=20002800, run size=00000214 bytes, compression=lzss
	.bss: load addr=000026c8, load size=00000008 bytes, run addr=20000000, run size=000023fc bytes, compression=zero_init


LINKER GENERATED HANDLER TABLE

__TI_handler_table @ 000026bc records: 3, size/record: 4, table size: 12
	index: 0, handler: __TI_decompress_lzss
	index: 1, handler: __TI_decompress_none
	index: 2, handler: __TI_zero_init


GLOBAL SYMBOLS: SORTED ALPHABETICALLY BY Name 

address   name                           
-------   ----                           
000018e5  ADC0_InitSWTriggerCh12         
0000193b  ADC0_InitSWTriggerCh17_12_16   
000017e9  ADC0_InitSWTriggerCh6          
00001859  ADC0_InitSWTriggerCh67         
00002633  ADC14_IRQHandler               
00001935  ADC_In12                       
0000193d  ADC_In17_12_16                 
00001839  ADC_In6                        
000018af  ADC_In67                       
200023d0  ADCflag                        
200023d4  ADCvalue                       
00002633  AES256_IRQHandler              
200023d8  Average                        
00002633  BusFault_Handler               
0000237d  C$$EXIT                        
00002183  C$$IO$$                        
00002633  COMP_E0_IRQHandler             
00002633  COMP_E1_IRQHandler             
200029c0  CPMwait                        
00002633  CS_IRQHandler                  
200029b8  ClockFrequency                 
00001599  Clock_Delay1ms                 
0000156f  Clock_Delay1us                 
0000155b  Clock_GetFreq                  
00001445  Clock_Init48MHz                
200029cc  Crystalstable                  
00002633  DMA_ERR_IRQHandler             
00002633  DMA_INT0_IRQHandler            
00002633  DMA_INT1_IRQHandler            
00002633  DMA_INT2_IRQHandler            
00002633  DMA_INT3_IRQHandler            
20000000  Data                           
00002633  DebugMon_Handler               
00002633  Default_Handler                
00002571  DisableInterrupts              
00002633  EUSCIA0_IRQHandler             
00002633  EUSCIA1_IRQHandler             
00002633  EUSCIA2_IRQHandler             
00002633  EUSCIA3_IRQHandler             
00002633  EUSCIB0_IRQHandler             
00002633  EUSCIB1_IRQHandler             
00002633  EUSCIB2_IRQHandler             
00002633  EUSCIB3_IRQHandler             
00002577  EnableInterrupts               
00002587  EndCritical                    
00002633  FLCTL_IRQHandler               
00002633  FPU_IRQHandler                 
0000241d  HOSTclose                      
00002085  HOSTlseek                      
000021bd  HOSTopen                       
00002279  HOSTread                       
000020ed  HOSTrename                     
00002461  HOSTunlink                     
000022d1  HOSTwrite                      
00002633  HardFault_Handler              
20002000  Histogram                      
200029c8  IFlags                         
200023dc  LPFSum                         
000007f5  LPF_Calc                       
000007a1  LPF_Init                       
00001981  LaunchPad_Init                 
000019f1  LaunchPad_Input                
00001a0b  LaunchPad_LED                  
00001a29  LaunchPad_Output               
00002633  MemManage_Handler              
200023c0  Messageb                       
200023e0  Messageindexb                  
00002633  NMI_Handler                    
00002633  PCM_IRQHandler                 
00002633  PORT1_IRQHandler               
00002633  PORT2_IRQHandler               
00002633  PORT3_IRQHandler               
00002633  PORT4_IRQHandler               
00002633  PORT5_IRQHandler               
00002633  PORT6_IRQHandler               
00002633  PSS_IRQHandler                 
00002633  PendSV_Handler                 
200029c4  Postwait                       
200029bc  Prewait                        
200023e4  Pt                             
00002633  RTC_C_IRQHandler               
00002627  Reset_Handler                  
UNDEFED   SHT$$INIT_ARRAY$$Base          
UNDEFED   SHT$$INIT_ARRAY$$Limit         
00002633  SVC_Handler                    
200023e8  Sigma                          
200023ec  Size                           
0000257d  StartCritical                  
200023f0  Sum                            
200023f4  Sum2                           
00000857  SysTick_Handler                
00000857  SysTick_Handler                
000024a5  SysTick_Init                   
20002a10  SystemCoreClock                
00001119  SystemCoreClockUpdate          
0000138d  SystemInit                     
00002633  T32_INT1_IRQHandler            
00002633  T32_INT2_IRQHandler            
00002633  T32_INTC_IRQHandler            
00002633  TA0_0_IRQHandler               
00002633  TA0_N_IRQHandler               
00002633  TA1_0_IRQHandler               
00002633  TA1_N_IRQHandler               
00002633  TA2_0_IRQHandler               
00002633  TA2_N_IRQHandler               
00002633  TA3_0_IRQHandler               
00002633  TA3_N_IRQHandler               
0000012b  UART0_InChar                   
000005b5  UART0_InString                 
00000175  UART0_InUDec                   
00000469  UART0_InUHex                   
000000e5  UART0_Init                     
00000715  UART0_Initprintf               
0000013b  UART0_OutChar                  
00000157  UART0_OutString                
000001f9  UART0_OutUDec                  
00000365  UART0_OutUDec4                 
000003b9  UART0_OutUDec5                 
000003f5  UART0_OutUFix1                 
0000041d  UART0_OutUFix2                 
0000052d  UART0_OutUHex                  
00000599  UART0_OutUHex2                 
00002633  UsageFault_Handler             
200023f8  Variance                       
4000480c  WDTCTL_SYM                     
00002633  WDT_A_IRQHandler               
0000258f  WaitForInterrupt               
20002200  __CIOBUF_                      
20010000  __STACK_END                    
00000200  __STACK_SIZE                   
00000400  __SYSMEM_SIZE                  
000026d0  __TI_CINIT_Base                
000026e0  __TI_CINIT_Limit               
000026bc  __TI_Handler_Table_Base        
000026c8  __TI_Handler_Table_Limit       
00001f3d  __TI_auto_init                 
000016ed  __TI_cleanup                   
200029e0  __TI_cleanup_ptr               
00001e29  __TI_closefile                 
0000201d  __TI_decompress_lzss           
00002619  __TI_decompress_none           
00001b51  __TI_doflush                   
200029e4  __TI_dtors_ptr                 
200029e8  __TI_enable_exit_profile_output
200029d0  __TI_ft_end                    
ffffffff  __TI_pprof_out_hndl            
ffffffff  __TI_prof_data_size            
ffffffff  __TI_prof_data_start           
00002187  __TI_readmsg                   
00000000  __TI_static_base__             
20002320  __TI_tmpnams                   
00002155  __TI_writemsg                  
00002635  __TI_zero_init                 
00001ec1  __aeabi_memclr                 
00001ec1  __aeabi_memclr4                
00001ec1  __aeabi_memclr8                
00001d8d  __aeabi_memcpy                 
00001d8d  __aeabi_memcpy4                
00001d8d  __aeabi_memcpy8                
00001ec3  __aeabi_memset                 
00001ec3  __aeabi_memset4                
00001ec3  __aeabi_memset8                
200029dc  __aeabi_stderr                 
200029d4  __aeabi_stdin                  
200029d8  __aeabi_stdout                 
ffffffff  __binit__                      
ffffffff  __c_args__                     
00001f3b  __mpu_init                     
2000fe00  __stack                        
00002595  _args_main                     
00002329  _c_int00                       
200028f0  _device                        
20002800  _ftable                        
200029f8  _lock                          
000025eb  _nop                           
000025e3  _register_lock                 
000025dd  _register_unlock               
20002968  _stream                        
20002400  _sys_memory                    
0000251b  _system_post_cinit             
00002641  _system_pre_init               
200029fc  _unlock                        
00002381  abort                          
00001cd5  add_device                     
ffffffff  binit                          
000010e9  calloc                         
0000221d  close                          
000023d1  copy_in                        
00001561  delay                          
00002389  exit                           
00001e8f  fclose                         
0000064f  ferror                         
00001b9d  fflush                         
0000062f  fgetc                          
00001fad  finddevice                     
00001743  fopen                          
00000e33  free                           
00001719  freopen                        
00001fd7  getdevice                      
00000000  interruptVectors               
000008e1  main                           
20002a0c  main_func_sp                   
00000dc9  malloc                         
00000ffd  memalign                       
00001d8d  memcpy                         
00001ec9  memset                         
00000d49  minit                          
00001c19  open                           
00000571  outnibble                      
200023c8  parmbuf                        
00000ef3  realloc                        
0000251d  remove                         
00001a75  setvbuf                        
0000088f  sqrt                           
000025c5  strchr                         
000025ad  strcmp                         
000025f1  strcpy                         
00002605  strlen                         
000024e5  strncpy                        
0000066d  uart_close                     
000006eb  uart_lseek                     
0000065d  uart_open                      
0000067f  uart_read                      
00000707  uart_rename                    
000006fb  uart_unlink                    
000006a9  uart_write                     
0000251d  unlink                         
00002549  write                          
20001000  x                              


GLOBAL SYMBOLS: SORTED BY Symbol Address 

address   name                           
-------   ----                           
00000000  __TI_static_base__             
00000000  interruptVectors               
000000e5  UART0_Init                     
0000012b  UART0_InChar                   
0000013b  UART0_OutChar                  
00000157  UART0_OutString                
00000175  UART0_InUDec                   
000001f9  UART0_OutUDec                  
00000200  __STACK_SIZE                   
00000365  UART0_OutUDec4                 
000003b9  UART0_OutUDec5                 
000003f5  UART0_OutUFix1                 
00000400  __SYSMEM_SIZE                  
0000041d  UART0_OutUFix2                 
00000469  UART0_InUHex                   
0000052d  UART0_OutUHex                  
00000571  outnibble                      
00000599  UART0_OutUHex2                 
000005b5  UART0_InString                 
0000062f  fgetc                          
0000064f  ferror                         
0000065d  uart_open                      
0000066d  uart_close                     
0000067f  uart_read                      
000006a9  uart_write                     
000006eb  uart_lseek                     
000006fb  uart_unlink                    
00000707  uart_rename                    
00000715  UART0_Initprintf               
000007a1  LPF_Init                       
000007f5  LPF_Calc                       
00000857  SysTick_Handler                
00000857  SysTick_Handler                
0000088f  sqrt                           
000008e1  main                           
00000d49  minit                          
00000dc9  malloc                         
00000e33  free                           
00000ef3  realloc                        
00000ffd  memalign                       
000010e9  calloc                         
00001119  SystemCoreClockUpdate          
0000138d  SystemInit                     
00001445  Clock_Init48MHz                
0000155b  Clock_GetFreq                  
00001561  delay                          
0000156f  Clock_Delay1us                 
00001599  Clock_Delay1ms                 
000016ed  __TI_cleanup                   
00001719  freopen                        
00001743  fopen                          
000017e9  ADC0_InitSWTriggerCh6          
00001839  ADC_In6                        
00001859  ADC0_InitSWTriggerCh67         
000018af  ADC_In67                       
000018e5  ADC0_InitSWTriggerCh12         
00001935  ADC_In12                       
0000193b  ADC0_InitSWTriggerCh17_12_16   
0000193d  ADC_In17_12_16                 
00001981  LaunchPad_Init                 
000019f1  LaunchPad_Input                
00001a0b  LaunchPad_LED                  
00001a29  LaunchPad_Output               
00001a75  setvbuf                        
00001b51  __TI_doflush                   
00001b9d  fflush                         
00001c19  open                           
00001cd5  add_device                     
00001d8d  __aeabi_memcpy                 
00001d8d  __aeabi_memcpy4                
00001d8d  __aeabi_memcpy8                
00001d8d  memcpy                         
00001e29  __TI_closefile                 
00001e8f  fclose                         
00001ec1  __aeabi_memclr                 
00001ec1  __aeabi_memclr4                
00001ec1  __aeabi_memclr8                
00001ec3  __aeabi_memset                 
00001ec3  __aeabi_memset4                
00001ec3  __aeabi_memset8                
00001ec9  memset                         
00001f3b  __mpu_init                     
00001f3d  __TI_auto_init                 
00001fad  finddevice                     
00001fd7  getdevice                      
0000201d  __TI_decompress_lzss           
00002085  HOSTlseek                      
000020ed  HOSTrename                     
00002155  __TI_writemsg                  
00002183  C$$IO$$                        
00002187  __TI_readmsg                   
000021bd  HOSTopen                       
0000221d  close                          
00002279  HOSTread                       
000022d1  HOSTwrite                      
00002329  _c_int00                       
0000237d  C$$EXIT                        
00002381  abort                          
00002389  exit                           
000023d1  copy_in                        
0000241d  HOSTclose                      
00002461  HOSTunlink                     
000024a5  SysTick_Init                   
000024e5  strncpy                        
0000251b  _system_post_cinit             
0000251d  remove                         
0000251d  unlink                         
00002549  write                          
00002571  DisableInterrupts              
00002577  EnableInterrupts               
0000257d  StartCritical                  
00002587  EndCritical                    
0000258f  WaitForInterrupt               
00002595  _args_main                     
000025ad  strcmp                         
000025c5  strchr                         
000025dd  _register_unlock               
000025e3  _register_lock                 
000025eb  _nop                           
000025f1  strcpy                         
00002605  strlen                         
00002619  __TI_decompress_none           
00002627  Reset_Handler                  
00002633  ADC14_IRQHandler               
00002633  AES256_IRQHandler              
00002633  BusFault_Handler               
00002633  COMP_E0_IRQHandler             
00002633  COMP_E1_IRQHandler             
00002633  CS_IRQHandler                  
00002633  DMA_ERR_IRQHandler             
00002633  DMA_INT0_IRQHandler            
00002633  DMA_INT1_IRQHandler            
00002633  DMA_INT2_IRQHandler            
00002633  DMA_INT3_IRQHandler            
00002633  DebugMon_Handler               
00002633  Default_Handler                
00002633  EUSCIA0_IRQHandler             
00002633  EUSCIA1_IRQHandler             
00002633  EUSCIA2_IRQHandler             
00002633  EUSCIA3_IRQHandler             
00002633  EUSCIB0_IRQHandler             
00002633  EUSCIB1_IRQHandler             
00002633  EUSCIB2_IRQHandler             
00002633  EUSCIB3_IRQHandler             
00002633  FLCTL_IRQHandler               
00002633  FPU_IRQHandler                 
00002633  HardFault_Handler              
00002633  MemManage_Handler              
00002633  NMI_Handler                    
00002633  PCM_IRQHandler                 
00002633  PORT1_IRQHandler               
00002633  PORT2_IRQHandler               
00002633  PORT3_IRQHandler               
00002633  PORT4_IRQHandler               
00002633  PORT5_IRQHandler               
00002633  PORT6_IRQHandler               
00002633  PSS_IRQHandler                 
00002633  PendSV_Handler                 
00002633  RTC_C_IRQHandler               
00002633  SVC_Handler                    
00002633  T32_INT1_IRQHandler            
00002633  T32_INT2_IRQHandler            
00002633  T32_INTC_IRQHandler            
00002633  TA0_0_IRQHandler               
00002633  TA0_N_IRQHandler               
00002633  TA1_0_IRQHandler               
00002633  TA1_N_IRQHandler               
00002633  TA2_0_IRQHandler               
00002633  TA2_N_IRQHandler               
00002633  TA3_0_IRQHandler               
00002633  TA3_N_IRQHandler               
00002633  UsageFault_Handler             
00002633  WDT_A_IRQHandler               
00002635  __TI_zero_init                 
00002641  _system_pre_init               
000026bc  __TI_Handler_Table_Base        
000026c8  __TI_Handler_Table_Limit       
000026d0  __TI_CINIT_Base                
000026e0  __TI_CINIT_Limit               
20000000  Data                           
20001000  x                              
20002000  Histogram                      
20002200  __CIOBUF_                      
20002320  __TI_tmpnams                   
200023c0  Messageb                       
200023c8  parmbuf                        
200023d0  ADCflag                        
200023d4  ADCvalue                       
200023d8  Average                        
200023dc  LPFSum                         
200023e0  Messageindexb                  
200023e4  Pt                             
200023e8  Sigma                          
200023ec  Size                           
200023f0  Sum                            
200023f4  Sum2                           
200023f8  Variance                       
20002400  _sys_memory                    
20002800  _ftable                        
200028f0  _device                        
20002968  _stream                        
200029b8  ClockFrequency                 
200029bc  Prewait                        
200029c0  CPMwait                        
200029c4  Postwait                       
200029c8  IFlags                         
200029cc  Crystalstable                  
200029d0  __TI_ft_end                    
200029d4  __aeabi_stdin                  
200029d8  __aeabi_stdout                 
200029dc  __aeabi_stderr                 
200029e0  __TI_cleanup_ptr               
200029e4  __TI_dtors_ptr                 
200029e8  __TI_enable_exit_profile_output
200029f8  _lock                          
200029fc  _unlock                        
20002a0c  main_func_sp                   
20002a10  SystemCoreClock                
2000fe00  __stack                        
20010000  __STACK_END                    
4000480c  WDTCTL_SYM                     
ffffffff  __TI_pprof_out_hndl            
ffffffff  __TI_prof_data_size            
ffffffff  __TI_prof_data_start           
ffffffff  __binit__                      
ffffffff  __c_args__                     
ffffffff  binit                          
UNDEFED   SHT$$INIT_ARRAY$$Base          
UNDEFED   SHT$$INIT_ARRAY$$Limit         

[229 symbols]
