******************************************************************************
                  TI ARM Linker PC v16.9.6                     
******************************************************************************
>> Linked Mon Nov 04 10:55:17 2019

OUTPUT FILE NAME:   <Lab3_Bump_Reflectance_Systick.out>
ENTRY POINT SYMBOL: "_c_int00"  address: 00001279


MEMORY CONFIGURATION

         name            origin    length      used     unused   attr    fill
----------------------  --------  ---------  --------  --------  ----  --------
  MAIN                  00000000   00040000  00001472  0003eb8e  R  X
  INFO                  00200000   00004000  00000000  00004000  R  X
  SRAM_CODE             01000000   00010000  0000024f  0000fdb1  RW X
  SRAM_DATA             20000000   00010000  0000024f  0000fdb1  RW  


SEGMENT ALLOCATION MAP

run origin  load origin   length   init length attrs members
----------  ----------- ---------- ----------- ----- -------
00000000    00000000    00001478   00001478    r-x
  00000000    00000000    000000e4   000000e4    r-- .intvecs
  000000e4    000000e4    00001346   00001346    r-x .text
  0000142a    0000142a    00000008   00000008    r-- .const
  00001438    00001438    00000040   00000040    r-- .cinit
20000000    20000000    0000004f   00000000    rw-
  20000000    20000000    00000048   00000000    rw- .data
  20000048    20000048    00000007   00000000    rw- .bss
2000fe00    2000fe00    00000200   00000000    rw-
  2000fe00    2000fe00    00000200   00000000    rw- .stack


SECTION ALLOCATION MAP

 output                                  attributes/
section   page    origin      length       input sections
--------  ----  ----------  ----------   ----------------
.intvecs   0    00000000    000000e4     
                  00000000    000000e4     startup_msp432p401r_ccs.obj (.intvecs:retain)

.binit     0    00000000    00000000     

.text      0    000000e4    00001346     
                  000000e4    00000630     TExaS.obj (.text)
                  00000714    0000032c     system_msp432p401r.obj (.text)
                  00000a40    000001e0     Clock.obj (.text)
                  00000c20    000001d4     Reflectance.obj (.text)
                  00000df4    000000fc     Bump.obj (.text)
                  00000ef0    000000f4     LaunchPad.obj (.text)
                  00000fe4    000000a4     Lab3_Sensorsmain.obj (.text)
                  00001088    0000009c     rtsv7M4_T_le_v4SPD16_eabi.lib : memcpy_t2.obj (.text)
                  00001124    0000007a                                   : memset_t2.obj (.text)
                  0000119e    00000002                                   : mpu_init.obj (.text)
                  000011a0    00000070                                   : autoinit.obj (.text)
                  00001210    00000068                                   : copy_decompress_lzss.obj (.text:decompress:lzss)
                  00001278    00000054                                   : boot.obj (.text)
                  000012cc    00000054                                   : exit.obj (.text)
                  00001320    0000004c                                   : cpy_tbl.obj (.text)
                  0000136c    00000040     SysTickInts.obj (.text)
                  000013ac    00000024     CortexM.obj (.text)
                  000013d0    00000018     rtsv7M4_T_le_v4SPD16_eabi.lib : args_main.obj (.text)
                  000013e8    00000014                                   : _lock.obj (.text)
                  000013fc    0000000e                                   : copy_decompress_none.obj (.text:decompress:none)
                  0000140a    0000000e     startup_msp432p401r_ccs.obj (.text)
                  00001418    0000000c     rtsv7M4_T_le_v4SPD16_eabi.lib : copy_zero_init.obj (.text:decompress:ZI)
                  00001424    00000004                                   : pre_init.obj (.text)
                  00001428    00000002                                   : startup.obj (.text)

.const     0    0000142a    00000008     
                  0000142a    00000008     Reflectance.obj (.const:.string:$P$T0$1)

.cinit     0    00001438    00000040     
                  00001438    00000017     (.cinit..data.load) [load image, compression = lzss]
                  0000144f    00000001     --HOLE-- [fill = 0]
                  00001450    0000000c     (__TI_handler_table)
                  0000145c    00000004     --HOLE-- [fill = 0]
                  00001460    00000008     (.cinit..bss.load) [load image, compression = zero_init]
                  00001468    00000010     (__TI_cinit_table)

.init_array 
*          0    00000000    00000000     UNINITIALIZED

.data      0    20000000    00000048     UNINITIALIZED
                  20000000    00000018     Clock.obj (.data)
                  20000018    0000000c     rtsv7M4_T_le_v4SPD16_eabi.lib : exit.obj (.data:$O1$$)
                  20000024    0000000c     TExaS.obj (.data)
                  20000030    00000008     rtsv7M4_T_le_v4SPD16_eabi.lib : _lock.obj (.data:$O1$$)
                  20000038    00000005     Lab3_Sensorsmain.obj (.data)
                  2000003d    00000003     --HOLE--
                  20000040    00000004     rtsv7M4_T_le_v4SPD16_eabi.lib : stkdepth_vars.obj (.data)
                  20000044    00000004     system_msp432p401r.obj (.data)

.bss       0    20000048    00000007     UNINITIALIZED
                  20000048    00000004     (.common:PeriodicTask2)
                  2000004c    00000001     (.common:LogicData)
                  2000004d    00000001     (.common:bump_data)
                  2000004e    00000001     (.common:reflectance_data)

.stack     0    2000fe00    00000200     UNINITIALIZED
                  2000fe00    00000200     --HOLE--

MODULE SUMMARY

       Module                        code   ro data   rw data
       ------                        ----   -------   -------
    .\
       TExaS.obj                     1584   0         34     
       system_msp432p401r.obj        812    0         8      
       Clock.obj                     480    0         48     
       Reflectance.obj               468    8         0      
       Bump.obj                      252    0         0      
       LaunchPad.obj                 244    0         0      
       startup_msp432p401r_ccs.obj   14     228       0      
       Lab3_Sensorsmain.obj          164    0         14     
       SysTickInts.obj               64     0         0      
       CortexM.obj                   36     0         0      
    +--+-----------------------------+------+---------+---------+
       Total:                        4118   236       104    
                                                             
    C:\ti\ccsv7\tools\compiler\ti-cgt-arm_16.9.6.LTS\lib\rtsv7M4_T_le_v4SPD16_eabi.lib
       memcpy_t2.obj                 156    0         0      
       memset_t2.obj                 122    0         0      
       autoinit.obj                  112    0         0      
       exit.obj                      84     0         24     
       copy_decompress_lzss.obj      104    0         0      
       boot.obj                      84     0         0      
       cpy_tbl.obj                   76     0         0      
       _lock.obj                     20     0         16     
       args_main.obj                 24     0         0      
       copy_decompress_none.obj      14     0         0      
       copy_zero_init.obj            12     0         0      
       stkdepth_vars.obj             0      0         8      
       pre_init.obj                  4      0         0      
       mpu_init.obj                  2      0         0      
       startup.obj                   2      0         0      
    +--+-----------------------------+------+---------+---------+
       Total:                        816    0         48     
                                                             
       Stack:                        0      0         1024   
       Linker Generated:             0      59        0      
    +--+-----------------------------+------+---------+---------+
       Grand Total:                  4934   295       1176   


LINKER GENERATED COPY TABLES

__TI_cinit_table @ 00001468 records: 2, size/record: 8, table size: 16
	.data: load addr=00001438, load size=00000017 bytes, run addr=20000000, run size=00000048 bytes, compression=lzss
	.bss: load addr=00001460, load size=00000008 bytes, run addr=20000048, run size=00000007 bytes, compression=zero_init


LINKER GENERATED HANDLER TABLE

__TI_handler_table @ 00001450 records: 3, size/record: 4, table size: 12
	index: 0, handler: __TI_decompress_lzss
	index: 1, handler: __TI_decompress_none
	index: 2, handler: __TI_zero_init


GLOBAL SYMBOLS: SORTED ALPHABETICALLY BY Name 

address   name                           
-------   ----                           
00001417  ADC14_IRQHandler               
00000475  ADC_Init                       
00001417  AES256_IRQHandler              
00000df5  Bump_Init                      
00000e2d  Bump_Read                      
00001417  BusFault_Handler               
000012cd  C$$EXIT                        
00001417  COMP_E0_IRQHandler             
00001417  COMP_E1_IRQHandler             
20000008  CPMwait                        
00001417  CS_IRQHandler                  
20000000  ClockFrequency                 
00000b95  Clock_Delay1ms                 
00000b6b  Clock_Delay1us                 
00000b57  Clock_GetFreq                  
00000a41  Clock_Init48MHz                
20000014  Crystalstable                  
00001417  DMA_ERR_IRQHandler             
00001417  DMA_INT0_IRQHandler            
00001417  DMA_INT1_IRQHandler            
00001417  DMA_INT2_IRQHandler            
00001417  DMA_INT3_IRQHandler            
00001417  DebugMon_Handler               
00001417  Default_Handler                
000013ad  DisableInterrupts              
00001417  EUSCIA0_IRQHandler             
00001417  EUSCIA1_IRQHandler             
00001417  EUSCIA2_IRQHandler             
00001417  EUSCIA3_IRQHandler             
00001417  EUSCIB0_IRQHandler             
00001417  EUSCIB1_IRQHandler             
00001417  EUSCIB2_IRQHandler             
00001417  EUSCIB3_IRQHandler             
000013b3  EnableInterrupts               
000013c3  EndCritical                    
00001417  FLCTL_IRQHandler               
00001417  FPU_IRQHandler                 
00001417  HardFault_Handler              
20000010  IFlags                         
00000ef1  LaunchPad_Init                 
00000f61  LaunchPad_Input                
00000f7b  LaunchPad_LED                  
00000f99  LaunchPad_Output               
000000e5  LogicAnalyzer                  
000000ef  LogicAnalyzer_P1               
000001c5  LogicAnalyzer_P10              
000000fd  LogicAnalyzer_P2               
0000010b  LogicAnalyzer_P2_7654          
0000011b  LogicAnalyzer_P3               
00000129  LogicAnalyzer_P4               
00000147  LogicAnalyzer_P4_765320        
00000137  LogicAnalyzer_P4_765432        
0000017f  LogicAnalyzer_P5               
0000018d  LogicAnalyzer_P6               
0000019b  LogicAnalyzer_P7               
000001a9  LogicAnalyzer_P8               
000001b7  LogicAnalyzer_P9               
2000004c  LogicData                      
20000038  MainCount                      
00001417  MemManage_Handler              
00001417  NMI_Handler                    
00001417  PCM_IRQHandler                 
00001417  PORT1_IRQHandler               
00001417  PORT2_IRQHandler               
00001417  PORT3_IRQHandler               
00001417  PORT4_IRQHandler               
00001417  PORT5_IRQHandler               
00001417  PORT6_IRQHandler               
00001417  PSS_IRQHandler                 
00001417  PendSV_Handler                 
20000048  PeriodicTask2                  
00000257  PeriodicTask2_Init             
000002d1  PeriodicTask2_Stop             
00000c2d  Port5_Init                     
00000c61  Port7_Init                     
00000cab  Port7_Input                    
00000c95  Port7_Output                   
2000000c  Postwait                       
20000004  Prewait                        
00001417  RTC_C_IRQHandler               
00000cf3  Reflectance_Center             
00000da1  Reflectance_End                
00000c21  Reflectance_Init               
00000d01  Reflectance_Position           
00000cb3  Reflectance_Read               
00000d85  Reflectance_Start              
0000140b  Reset_Handler                  
UNDEFED   SHT$$INIT_ARRAY$$Base          
UNDEFED   SHT$$INIT_ARRAY$$Limit         
00001417  SVC_Handler                    
000001d3  Scope                          
000013b9  StartCritical                  
00000fe5  SysTick_Handler                
00000fe5  SysTick_Handler                
0000136d  SysTick_Init                   
20000044  SystemCoreClock                
00000715  SystemCoreClockUpdate          
00000989  SystemInit                     
000002c1  T32_INT1_IRQHandler            
000002c1  T32_INT1_IRQHandler            
00001417  T32_INT2_IRQHandler            
00001417  T32_INTC_IRQHandler            
00001417  TA0_0_IRQHandler               
00001417  TA0_N_IRQHandler               
00001417  TA1_0_IRQHandler               
00001417  TA1_N_IRQHandler               
00001417  TA2_0_IRQHandler               
00001417  TA2_N_IRQHandler               
00001417  TA3_0_IRQHandler               
00001417  TA3_N_IRQHandler               
00000413  TExaS_Clear0                   
0000041f  TExaS_Clear1                   
0000042b  TExaS_Clear2                   
00000437  TExaS_Clear3                   
00000443  TExaS_Clear4                   
00000445  TExaS_Clear5                   
00000451  TExaS_Clear6                   
00000551  TExaS_Init                     
20000028  TExaS_ScopeErrConflict         
20000024  TExaS_ScopeErrLostData         
2000002c  TExaS_ScopeWrnReconfig         
000003b1  TExaS_Set                      
000003c9  TExaS_Set0                     
000003d5  TExaS_Set1                     
000003e1  TExaS_Set2                     
000003ed  TExaS_Set3                     
000003f9  TExaS_Set4                     
000003fb  TExaS_Set5                     
00000407  TExaS_Set6                     
000006b1  TExaS_Stop                     
00000367  TExaS_Task0                    
00000373  TExaS_Task1                    
0000037f  TExaS_Task2                    
0000038b  TExaS_Task3                    
00000397  TExaS_Task4                    
00000399  TExaS_Task5                    
000003a5  TExaS_Task6                    
0000033b  UART_InChar                    
000002e1  UART_Init                      
0000034b  UART_OutChar                   
00001417  UsageFault_Handler             
4000480c  WDTCTL_SYM                     
00001417  WDT_A_IRQHandler               
000013cb  WaitForInterrupt               
20010000  __STACK_END                    
00000200  __STACK_SIZE                   
00001468  __TI_CINIT_Base                
00001478  __TI_CINIT_Limit               
00001450  __TI_Handler_Table_Base        
0000145c  __TI_Handler_Table_Limit       
000011a1  __TI_auto_init                 
20000018  __TI_cleanup_ptr               
00001211  __TI_decompress_lzss           
000013fd  __TI_decompress_none           
2000001c  __TI_dtors_ptr                 
20000020  __TI_enable_exit_profile_output
ffffffff  __TI_pprof_out_hndl            
ffffffff  __TI_prof_data_size            
ffffffff  __TI_prof_data_start           
00000000  __TI_static_base__             
00001419  __TI_zero_init                 
00001125  __aeabi_memclr                 
00001125  __aeabi_memclr4                
00001125  __aeabi_memclr8                
00001089  __aeabi_memcpy                 
00001089  __aeabi_memcpy4                
00001089  __aeabi_memcpy8                
00001127  __aeabi_memset                 
00001127  __aeabi_memset4                
00001127  __aeabi_memset8                
ffffffff  __binit__                      
ffffffff  __c_args__                     
0000119f  __mpu_init                     
2000fe00  __stack                        
000013d1  _args_main                     
00001279  _c_int00                       
20000030  _lock                          
000013f7  _nop                           
000013ef  _register_lock                 
000013e9  _register_unlock               
00001429  _system_post_cinit             
00001425  _system_pre_init               
20000034  _unlock                        
000012d1  abort                          
ffffffff  binit                          
2000004d  bump_data                      
00001321  copy_in                        
00000b5d  delay                          
000012d9  exit                           
00000000  interruptVectors               
00001023  main                           
20000040  main_func_sp                   
00001089  memcpy                         
0000112d  memset                         
2000004e  reflectance_data               


GLOBAL SYMBOLS: SORTED BY Symbol Address 

address   name                           
-------   ----                           
00000000  __TI_static_base__             
00000000  interruptVectors               
000000e5  LogicAnalyzer                  
000000ef  LogicAnalyzer_P1               
000000fd  LogicAnalyzer_P2               
0000010b  LogicAnalyzer_P2_7654          
0000011b  LogicAnalyzer_P3               
00000129  LogicAnalyzer_P4               
00000137  LogicAnalyzer_P4_765432        
00000147  LogicAnalyzer_P4_765320        
0000017f  LogicAnalyzer_P5               
0000018d  LogicAnalyzer_P6               
0000019b  LogicAnalyzer_P7               
000001a9  LogicAnalyzer_P8               
000001b7  LogicAnalyzer_P9               
000001c5  LogicAnalyzer_P10              
000001d3  Scope                          
00000200  __STACK_SIZE                   
00000257  PeriodicTask2_Init             
000002c1  T32_INT1_IRQHandler            
000002c1  T32_INT1_IRQHandler            
000002d1  PeriodicTask2_Stop             
000002e1  UART_Init                      
0000033b  UART_InChar                    
0000034b  UART_OutChar                   
00000367  TExaS_Task0                    
00000373  TExaS_Task1                    
0000037f  TExaS_Task2                    
0000038b  TExaS_Task3                    
00000397  TExaS_Task4                    
00000399  TExaS_Task5                    
000003a5  TExaS_Task6                    
000003b1  TExaS_Set                      
000003c9  TExaS_Set0                     
000003d5  TExaS_Set1                     
000003e1  TExaS_Set2                     
000003ed  TExaS_Set3                     
000003f9  TExaS_Set4                     
000003fb  TExaS_Set5                     
00000407  TExaS_Set6                     
00000413  TExaS_Clear0                   
0000041f  TExaS_Clear1                   
0000042b  TExaS_Clear2                   
00000437  TExaS_Clear3                   
00000443  TExaS_Clear4                   
00000445  TExaS_Clear5                   
00000451  TExaS_Clear6                   
00000475  ADC_Init                       
00000551  TExaS_Init                     
000006b1  TExaS_Stop                     
00000715  SystemCoreClockUpdate          
00000989  SystemInit                     
00000a41  Clock_Init48MHz                
00000b57  Clock_GetFreq                  
00000b5d  delay                          
00000b6b  Clock_Delay1us                 
00000b95  Clock_Delay1ms                 
00000c21  Reflectance_Init               
00000c2d  Port5_Init                     
00000c61  Port7_Init                     
00000c95  Port7_Output                   
00000cab  Port7_Input                    
00000cb3  Reflectance_Read               
00000cf3  Reflectance_Center             
00000d01  Reflectance_Position           
00000d85  Reflectance_Start              
00000da1  Reflectance_End                
00000df5  Bump_Init                      
00000e2d  Bump_Read                      
00000ef1  LaunchPad_Init                 
00000f61  LaunchPad_Input                
00000f7b  LaunchPad_LED                  
00000f99  LaunchPad_Output               
00000fe5  SysTick_Handler                
00000fe5  SysTick_Handler                
00001023  main                           
00001089  __aeabi_memcpy                 
00001089  __aeabi_memcpy4                
00001089  __aeabi_memcpy8                
00001089  memcpy                         
00001125  __aeabi_memclr                 
00001125  __aeabi_memclr4                
00001125  __aeabi_memclr8                
00001127  __aeabi_memset                 
00001127  __aeabi_memset4                
00001127  __aeabi_memset8                
0000112d  memset                         
0000119f  __mpu_init                     
000011a1  __TI_auto_init                 
00001211  __TI_decompress_lzss           
00001279  _c_int00                       
000012cd  C$$EXIT                        
000012d1  abort                          
000012d9  exit                           
00001321  copy_in                        
0000136d  SysTick_Init                   
000013ad  DisableInterrupts              
000013b3  EnableInterrupts               
000013b9  StartCritical                  
000013c3  EndCritical                    
000013cb  WaitForInterrupt               
000013d1  _args_main                     
000013e9  _register_unlock               
000013ef  _register_lock                 
000013f7  _nop                           
000013fd  __TI_decompress_none           
0000140b  Reset_Handler                  
00001417  ADC14_IRQHandler               
00001417  AES256_IRQHandler              
00001417  BusFault_Handler               
00001417  COMP_E0_IRQHandler             
00001417  COMP_E1_IRQHandler             
00001417  CS_IRQHandler                  
00001417  DMA_ERR_IRQHandler             
00001417  DMA_INT0_IRQHandler            
00001417  DMA_INT1_IRQHandler            
00001417  DMA_INT2_IRQHandler            
00001417  DMA_INT3_IRQHandler            
00001417  DebugMon_Handler               
00001417  Default_Handler                
00001417  EUSCIA0_IRQHandler             
00001417  EUSCIA1_IRQHandler             
00001417  EUSCIA2_IRQHandler             
00001417  EUSCIA3_IRQHandler             
00001417  EUSCIB0_IRQHandler             
00001417  EUSCIB1_IRQHandler             
00001417  EUSCIB2_IRQHandler             
00001417  EUSCIB3_IRQHandler             
00001417  FLCTL_IRQHandler               
00001417  FPU_IRQHandler                 
00001417  HardFault_Handler              
00001417  MemManage_Handler              
00001417  NMI_Handler                    
00001417  PCM_IRQHandler                 
00001417  PORT1_IRQHandler               
00001417  PORT2_IRQHandler               
00001417  PORT3_IRQHandler               
00001417  PORT4_IRQHandler               
00001417  PORT5_IRQHandler               
00001417  PORT6_IRQHandler               
00001417  PSS_IRQHandler                 
00001417  PendSV_Handler                 
00001417  RTC_C_IRQHandler               
00001417  SVC_Handler                    
00001417  T32_INT2_IRQHandler            
00001417  T32_INTC_IRQHandler            
00001417  TA0_0_IRQHandler               
00001417  TA0_N_IRQHandler               
00001417  TA1_0_IRQHandler               
00001417  TA1_N_IRQHandler               
00001417  TA2_0_IRQHandler               
00001417  TA2_N_IRQHandler               
00001417  TA3_0_IRQHandler               
00001417  TA3_N_IRQHandler               
00001417  UsageFault_Handler             
00001417  WDT_A_IRQHandler               
00001419  __TI_zero_init                 
00001425  _system_pre_init               
00001429  _system_post_cinit             
00001450  __TI_Handler_Table_Base        
0000145c  __TI_Handler_Table_Limit       
00001468  __TI_CINIT_Base                
00001478  __TI_CINIT_Limit               
20000000  ClockFrequency                 
20000004  Prewait                        
20000008  CPMwait                        
2000000c  Postwait                       
20000010  IFlags                         
20000014  Crystalstable                  
20000018  __TI_cleanup_ptr               
2000001c  __TI_dtors_ptr                 
20000020  __TI_enable_exit_profile_output
20000024  TExaS_ScopeErrLostData         
20000028  TExaS_ScopeErrConflict         
2000002c  TExaS_ScopeWrnReconfig         
20000030  _lock                          
20000034  _unlock                        
20000038  MainCount                      
20000040  main_func_sp                   
20000044  SystemCoreClock                
20000048  PeriodicTask2                  
2000004c  LogicData                      
2000004d  bump_data                      
2000004e  reflectance_data               
2000fe00  __stack                        
20010000  __STACK_END                    
4000480c  WDTCTL_SYM                     
ffffffff  __TI_pprof_out_hndl            
ffffffff  __TI_prof_data_size            
ffffffff  __TI_prof_data_start           
ffffffff  __binit__                      
ffffffff  __c_args__                     
ffffffff  binit                          
UNDEFED   SHT$$INIT_ARRAY$$Base          
UNDEFED   SHT$$INIT_ARRAY$$Limit         

[195 symbols]
