******************************************************************************
                  TI ARM Linker PC v16.9.6                     
******************************************************************************
>> Linked Mon Nov 04 12:25:57 2019

OUTPUT FILE NAME:   <Lab3_InterruptBased_System.out>
ENTRY POINT SYMBOL: "_c_int00"  address: 00001735


MEMORY CONFIGURATION

         name            origin    length      used     unused   attr    fill
----------------------  --------  ---------  --------  --------  ----  --------
  MAIN                  00000000   00040000  000018e6  0003e71a  R  X
  INFO                  00200000   00004000  00000000  00004000  R  X
  SRAM_CODE             01000000   00010000  0000024f  0000fdb1  RW X
  SRAM_DATA             20000000   00010000  0000024f  0000fdb1  RW  


SEGMENT ALLOCATION MAP

run origin  load origin   length   init length attrs members
----------  ----------- ---------- ----------- ----- -------
00000000    00000000    000018e8   000018e8    r-x
  00000000    00000000    000000e4   000000e4    r-- .intvecs
  000000e4    000000e4    000017c2   000017c2    r-x .text
  000018a8    000018a8    00000040   00000040    r-- .cinit
20000000    20000000    0000004f   00000000    rw-
  20000000    20000000    00000040   00000000    rw- .data
  20000040    20000040    0000000f   00000000    rw- .bss
2000fe00    2000fe00    00000200   00000000    rw-
  2000fe00    2000fe00    00000200   00000000    rw- .stack


SECTION ALLOCATION MAP

 output                                  attributes/
section   page    origin      length       input sections
--------  ----  ----------  ----------   ----------------
.intvecs   0    00000000    000000e4     
                  00000000    000000e4     startup_msp432p401r_ccs.obj (.intvecs:retain)

.binit     0    00000000    00000000     

.text      0    000000e4    000017c2     
                  000000e4    00000630     TExaS.obj (.text)
                  00000714    0000032c     system_msp432p401r.obj (.text)
                  00000a40    0000026c     Motor.obj (.text)
                  00000cac    00000228     PWM.obj (.text)
                  00000ed4    000001e0     Clock.obj (.text)
                  000010b4    00000198     Lab3_EdgeInterruptsmain.obj (.text)
                  0000124c    0000015c     BumpInt.obj (.text)
                  000013a8    000000f4     LaunchPad.obj (.text)
                  0000149c    000000a8     TimerA1.obj (.text)
                  00001544    0000009c     rtsv7M4_T_le_v4SPD16_eabi.lib : memcpy_t2.obj (.text)
                  000015e0    0000007a                                   : memset_t2.obj (.text)
                  0000165a    00000002                                   : mpu_init.obj (.text)
                  0000165c    00000070                                   : autoinit.obj (.text)
                  000016cc    00000068                                   : copy_decompress_lzss.obj (.text:decompress:lzss)
                  00001734    00000054                                   : boot.obj (.text)
                  00001788    00000054                                   : exit.obj (.text)
                  000017dc    0000004c                                   : cpy_tbl.obj (.text)
                  00001828    00000024     CortexM.obj (.text)
                  0000184c    00000018     rtsv7M4_T_le_v4SPD16_eabi.lib : args_main.obj (.text)
                  00001864    00000014                                   : _lock.obj (.text)
                  00001878    0000000e                                   : copy_decompress_none.obj (.text:decompress:none)
                  00001886    0000000e     startup_msp432p401r_ccs.obj (.text)
                  00001894    0000000c     rtsv7M4_T_le_v4SPD16_eabi.lib : copy_zero_init.obj (.text:decompress:ZI)
                  000018a0    00000004                                   : pre_init.obj (.text)
                  000018a4    00000002                                   : startup.obj (.text)

.cinit     0    000018a8    00000040     
                  000018a8    00000017     (.cinit..data.load) [load image, compression = lzss]
                  000018bf    00000001     --HOLE-- [fill = 0]
                  000018c0    0000000c     (__TI_handler_table)
                  000018cc    00000004     --HOLE-- [fill = 0]
                  000018d0    00000008     (.cinit..bss.load) [load image, compression = zero_init]
                  000018d8    00000010     (__TI_cinit_table)

.init_array 
*          0    00000000    00000000     UNINITIALIZED

.data      0    20000000    00000040     UNINITIALIZED
                  20000000    00000018     Clock.obj (.data)
                  20000018    0000000c     rtsv7M4_T_le_v4SPD16_eabi.lib : exit.obj (.data:$O1$$)
                  20000024    0000000c     TExaS.obj (.data)
                  20000030    00000008     rtsv7M4_T_le_v4SPD16_eabi.lib : _lock.obj (.data:$O1$$)
                  20000038    00000004                                   : stkdepth_vars.obj (.data)
                  2000003c    00000004     system_msp432p401r.obj (.data)

.bss       0    20000040    0000000f     UNINITIALIZED
                  20000040    00000004     (.common:PeriodicTask2)
                  20000044    00000004     (.common:Port4Task)
                  20000048    00000004     (.common:TimerA1Task)
                  2000004c    00000001     (.common:CollisionData)
                  2000004d    00000001     (.common:CollisionFlag)
                  2000004e    00000001     (.common:LogicData)

.stack     0    2000fe00    00000200     UNINITIALIZED
                  2000fe00    00000200     --HOLE--

MODULE SUMMARY

       Module                        code   ro data   rw data
       ------                        ----   -------   -------
    .\
       TExaS.obj                     1584   0         34     
       system_msp432p401r.obj        812    0         8      
       Motor.obj                     620    0         0      
       PWM.obj                       552    0         0      
       Clock.obj                     480    0         48     
       Lab3_EdgeInterruptsmain.obj   408    0         4      
       BumpInt.obj                   348    0         8      
       LaunchPad.obj                 244    0         0      
       startup_msp432p401r_ccs.obj   14     228       0      
       TimerA1.obj                   168    0         8      
       CortexM.obj                   36     0         0      
    +--+-----------------------------+------+---------+---------+
       Total:                        5266   228       110    
                                                             
    C:\ti\ccsv7\tools\compiler\ti-cgt-arm_16.9.6.LTS\lib\rtsv7M4_T_le_v4SPD16_eabi.lib
       memcpy_t2.obj                 156    0         0      
       memset_t2.obj                 122    0         0      
       autoinit.obj                  112    0         0      
       exit.obj                      84     0         24     
       copy_decompress_lzss.obj      104    0         0      
       boot.obj                      84     0         0      
       cpy_tbl.obj                   76     0         0      
       _lock.obj                     20     0         16     
       args_main.obj                 24     0         0      
       copy_decompress_none.obj      14     0         0      
       copy_zero_init.obj            12     0         0      
       stkdepth_vars.obj             0      0         8      
       pre_init.obj                  4      0         0      
       mpu_init.obj                  2      0         0      
       startup.obj                   2      0         0      
    +--+-----------------------------+------+---------+---------+
       Total:                        816    0         48     
                                                             
       Stack:                        0      0         1024   
       Linker Generated:             0      59        0      
    +--+-----------------------------+------+---------+---------+
       Grand Total:                  6082   287       1182   


LINKER GENERATED COPY TABLES

__TI_cinit_table @ 000018d8 records: 2, size/record: 8, table size: 16
	.data: load addr=000018a8, load size=00000017 bytes, run addr=20000000, run size=00000040 bytes, compression=lzss
	.bss: load addr=000018d0, load size=00000008 bytes, run addr=20000040, run size=0000000f bytes, compression=zero_init


LINKER GENERATED HANDLER TABLE

__TI_handler_table @ 000018c0 records: 3, size/record: 4, table size: 12
	index: 0, handler: __TI_decompress_lzss
	index: 1, handler: __TI_decompress_none
	index: 2, handler: __TI_zero_init


GLOBAL SYMBOLS: SORTED ALPHABETICALLY BY Name 

address   name                           
-------   ----                           
00001893  ADC14_IRQHandler               
00000475  ADC_Init                       
00001893  AES256_IRQHandler              
0000124d  BumpInt_Init                   
000012bd  Bump_Read                      
00001893  BusFault_Handler               
00001789  C$$EXIT                        
00001893  COMP_E0_IRQHandler             
00001893  COMP_E1_IRQHandler             
20000008  CPMwait                        
00001893  CS_IRQHandler                  
20000000  ClockFrequency                 
00001029  Clock_Delay1ms                 
00000fff  Clock_Delay1us                 
00000feb  Clock_GetFreq                  
00000ed5  Clock_Init48MHz                
2000004c  CollisionData                  
2000004d  CollisionFlag                  
20000014  Crystalstable                  
00001893  DMA_ERR_IRQHandler             
00001893  DMA_INT0_IRQHandler            
00001893  DMA_INT1_IRQHandler            
00001893  DMA_INT2_IRQHandler            
00001893  DMA_INT3_IRQHandler            
00001893  DebugMon_Handler               
00001893  Default_Handler                
00001829  DisableInterrupts              
00001893  EUSCIA0_IRQHandler             
00001893  EUSCIA1_IRQHandler             
00001893  EUSCIA2_IRQHandler             
00001893  EUSCIA3_IRQHandler             
00001893  EUSCIB0_IRQHandler             
00001893  EUSCIB1_IRQHandler             
00001893  EUSCIB2_IRQHandler             
00001893  EUSCIB3_IRQHandler             
0000182f  EnableInterrupts               
0000183f  EndCritical                    
00001893  FLCTL_IRQHandler               
00001893  FPU_IRQHandler                 
000010d5  HandleCollision                
00001893  HardFault_Handler              
20000010  IFlags                         
000013a9  LaunchPad_Init                 
00001419  LaunchPad_Input                
00001433  LaunchPad_LED                  
00001451  LaunchPad_Output               
000000e5  LogicAnalyzer                  
000000ef  LogicAnalyzer_P1               
000001c5  LogicAnalyzer_P10              
000000fd  LogicAnalyzer_P2               
0000010b  LogicAnalyzer_P2_7654          
0000011b  LogicAnalyzer_P3               
00000129  LogicAnalyzer_P4               
00000147  LogicAnalyzer_P4_765320        
00000137  LogicAnalyzer_P4_765432        
0000017f  LogicAnalyzer_P5               
0000018d  LogicAnalyzer_P6               
0000019b  LogicAnalyzer_P7               
000001a9  LogicAnalyzer_P8               
000001b7  LogicAnalyzer_P9               
2000004e  LogicData                      
00001893  MemManage_Handler              
000010f9  MotorMovt                      
00000b83  Motor_Backward                 
00000adf  Motor_Forward                  
00000a41  Motor_Init                     
00000bb3  Motor_LW                       
00000be5  Motor_LWB                      
00000b49  Motor_Left                     
00000c49  Motor_RWB                      
00000c17  Motor_RWF                      
00000b0f  Motor_Right                    
00000ac9  Motor_Stop                     
00001893  NMI_Handler                    
00001893  PCM_IRQHandler                 
00001893  PORT1_IRQHandler               
00001893  PORT2_IRQHandler               
00001893  PORT3_IRQHandler               
00001369  PORT4_IRQHandler               
00001369  PORT4_IRQHandler               
00001893  PORT5_IRQHandler               
00001893  PORT6_IRQHandler               
00001893  PSS_IRQHandler                 
00000d97  PWM_Duty1                      
00000db7  PWM_Duty2                      
00000e5b  PWM_Duty3                      
00000e7b  PWM_Duty4                      
00000cad  PWM_Init1                      
00000d13  PWM_Init12                     
00000dd7  PWM_Init34                     
00001893  PendSV_Handler                 
20000040  PeriodicTask2                  
00000257  PeriodicTask2_Init             
000002d1  PeriodicTask2_Stop             
20000044  Port4Task                      
2000000c  Postwait                       
20000004  Prewait                        
00001893  RTC_C_IRQHandler               
00001887  Reset_Handler                  
UNDEFED   SHT$$INIT_ARRAY$$Base          
UNDEFED   SHT$$INIT_ARRAY$$Limit         
00001893  SVC_Handler                    
000001d3  Scope                          
00001835  StartCritical                  
00001893  SysTick_Handler                
2000003c  SystemCoreClock                
00000715  SystemCoreClockUpdate          
00000989  SystemInit                     
000002c1  T32_INT1_IRQHandler            
000002c1  T32_INT1_IRQHandler            
00001893  T32_INT2_IRQHandler            
00001893  T32_INTC_IRQHandler            
00001893  TA0_0_IRQHandler               
00001893  TA0_N_IRQHandler               
0000150f  TA1_0_IRQHandler               
0000150f  TA1_0_IRQHandler               
00001893  TA1_N_IRQHandler               
00001893  TA2_0_IRQHandler               
00001893  TA2_N_IRQHandler               
00001893  TA3_0_IRQHandler               
00001893  TA3_N_IRQHandler               
00000413  TExaS_Clear0                   
0000041f  TExaS_Clear1                   
0000042b  TExaS_Clear2                   
00000437  TExaS_Clear3                   
00000443  TExaS_Clear4                   
00000445  TExaS_Clear5                   
00000451  TExaS_Clear6                   
00000551  TExaS_Init                     
20000028  TExaS_ScopeErrConflict         
20000024  TExaS_ScopeErrLostData         
2000002c  TExaS_ScopeWrnReconfig         
000003b1  TExaS_Set                      
000003c9  TExaS_Set0                     
000003d5  TExaS_Set1                     
000003e1  TExaS_Set2                     
000003ed  TExaS_Set3                     
000003f9  TExaS_Set4                     
000003fb  TExaS_Set5                     
00000407  TExaS_Set6                     
000006b1  TExaS_Stop                     
00000367  TExaS_Task0                    
00000373  TExaS_Task1                    
0000037f  TExaS_Task2                    
0000038b  TExaS_Task3                    
00000397  TExaS_Task4                    
00000399  TExaS_Task5                    
000003a5  TExaS_Task6                    
000010b5  TimedPause                     
20000048  TimerA1Task                    
0000149d  TimerA1_Init                   
000014fb  TimerA1_Stop                   
0000033b  UART_InChar                    
000002e1  UART_Init                      
0000034b  UART_OutChar                   
00001893  UsageFault_Handler             
4000480c  WDTCTL_SYM                     
00001893  WDT_A_IRQHandler               
00001847  WaitForInterrupt               
20010000  __STACK_END                    
00000200  __STACK_SIZE                   
000018d8  __TI_CINIT_Base                
000018e8  __TI_CINIT_Limit               
000018c0  __TI_Handler_Table_Base        
000018cc  __TI_Handler_Table_Limit       
0000165d  __TI_auto_init                 
20000018  __TI_cleanup_ptr               
000016cd  __TI_decompress_lzss           
00001879  __TI_decompress_none           
2000001c  __TI_dtors_ptr                 
20000020  __TI_enable_exit_profile_output
ffffffff  __TI_pprof_out_hndl            
ffffffff  __TI_prof_data_size            
ffffffff  __TI_prof_data_start           
00000000  __TI_static_base__             
00001895  __TI_zero_init                 
000015e1  __aeabi_memclr                 
000015e1  __aeabi_memclr4                
000015e1  __aeabi_memclr8                
00001545  __aeabi_memcpy                 
00001545  __aeabi_memcpy4                
00001545  __aeabi_memcpy8                
000015e3  __aeabi_memset                 
000015e3  __aeabi_memset4                
000015e3  __aeabi_memset8                
ffffffff  __binit__                      
ffffffff  __c_args__                     
0000165b  __mpu_init                     
2000fe00  __stack                        
0000184d  _args_main                     
00001735  _c_int00                       
20000030  _lock                          
00001873  _nop                           
0000186b  _register_lock                 
00001865  _register_unlock               
000018a5  _system_post_cinit             
000018a1  _system_pre_init               
20000034  _unlock                        
0000178d  abort                          
ffffffff  binit                          
000017dd  copy_in                        
00000ff1  delay                          
00001795  exit                           
00000000  interruptVectors               
000011f9  main                           
20000038  main_func_sp                   
00001545  memcpy                         
000015e9  memset                         


GLOBAL SYMBOLS: SORTED BY Symbol Address 

address   name                           
-------   ----                           
00000000  __TI_static_base__             
00000000  interruptVectors               
000000e5  LogicAnalyzer                  
000000ef  LogicAnalyzer_P1               
000000fd  LogicAnalyzer_P2               
0000010b  LogicAnalyzer_P2_7654          
0000011b  LogicAnalyzer_P3               
00000129  LogicAnalyzer_P4               
00000137  LogicAnalyzer_P4_765432        
00000147  LogicAnalyzer_P4_765320        
0000017f  LogicAnalyzer_P5               
0000018d  LogicAnalyzer_P6               
0000019b  LogicAnalyzer_P7               
000001a9  LogicAnalyzer_P8               
000001b7  LogicAnalyzer_P9               
000001c5  LogicAnalyzer_P10              
000001d3  Scope                          
00000200  __STACK_SIZE                   
00000257  PeriodicTask2_Init             
000002c1  T32_INT1_IRQHandler            
000002c1  T32_INT1_IRQHandler            
000002d1  PeriodicTask2_Stop             
000002e1  UART_Init                      
0000033b  UART_InChar                    
0000034b  UART_OutChar                   
00000367  TExaS_Task0                    
00000373  TExaS_Task1                    
0000037f  TExaS_Task2                    
0000038b  TExaS_Task3                    
00000397  TExaS_Task4                    
00000399  TExaS_Task5                    
000003a5  TExaS_Task6                    
000003b1  TExaS_Set                      
000003c9  TExaS_Set0                     
000003d5  TExaS_Set1                     
000003e1  TExaS_Set2                     
000003ed  TExaS_Set3                     
000003f9  TExaS_Set4                     
000003fb  TExaS_Set5                     
00000407  TExaS_Set6                     
00000413  TExaS_Clear0                   
0000041f  TExaS_Clear1                   
0000042b  TExaS_Clear2                   
00000437  TExaS_Clear3                   
00000443  TExaS_Clear4                   
00000445  TExaS_Clear5                   
00000451  TExaS_Clear6                   
00000475  ADC_Init                       
00000551  TExaS_Init                     
000006b1  TExaS_Stop                     
00000715  SystemCoreClockUpdate          
00000989  SystemInit                     
00000a41  Motor_Init                     
00000ac9  Motor_Stop                     
00000adf  Motor_Forward                  
00000b0f  Motor_Right                    
00000b49  Motor_Left                     
00000b83  Motor_Backward                 
00000bb3  Motor_LW                       
00000be5  Motor_LWB                      
00000c17  Motor_RWF                      
00000c49  Motor_RWB                      
00000cad  PWM_Init1                      
00000d13  PWM_Init12                     
00000d97  PWM_Duty1                      
00000db7  PWM_Duty2                      
00000dd7  PWM_Init34                     
00000e5b  PWM_Duty3                      
00000e7b  PWM_Duty4                      
00000ed5  Clock_Init48MHz                
00000feb  Clock_GetFreq                  
00000ff1  delay                          
00000fff  Clock_Delay1us                 
00001029  Clock_Delay1ms                 
000010b5  TimedPause                     
000010d5  HandleCollision                
000010f9  MotorMovt                      
000011f9  main                           
0000124d  BumpInt_Init                   
000012bd  Bump_Read                      
00001369  PORT4_IRQHandler               
00001369  PORT4_IRQHandler               
000013a9  LaunchPad_Init                 
00001419  LaunchPad_Input                
00001433  LaunchPad_LED                  
00001451  LaunchPad_Output               
0000149d  TimerA1_Init                   
000014fb  TimerA1_Stop                   
0000150f  TA1_0_IRQHandler               
0000150f  TA1_0_IRQHandler               
00001545  __aeabi_memcpy                 
00001545  __aeabi_memcpy4                
00001545  __aeabi_memcpy8                
00001545  memcpy                         
000015e1  __aeabi_memclr                 
000015e1  __aeabi_memclr4                
000015e1  __aeabi_memclr8                
000015e3  __aeabi_memset                 
000015e3  __aeabi_memset4                
000015e3  __aeabi_memset8                
000015e9  memset                         
0000165b  __mpu_init                     
0000165d  __TI_auto_init                 
000016cd  __TI_decompress_lzss           
00001735  _c_int00                       
00001789  C$$EXIT                        
0000178d  abort                          
00001795  exit                           
000017dd  copy_in                        
00001829  DisableInterrupts              
0000182f  EnableInterrupts               
00001835  StartCritical                  
0000183f  EndCritical                    
00001847  WaitForInterrupt               
0000184d  _args_main                     
00001865  _register_unlock               
0000186b  _register_lock                 
00001873  _nop                           
00001879  __TI_decompress_none           
00001887  Reset_Handler                  
00001893  ADC14_IRQHandler               
00001893  AES256_IRQHandler              
00001893  BusFault_Handler               
00001893  COMP_E0_IRQHandler             
00001893  COMP_E1_IRQHandler             
00001893  CS_IRQHandler                  
00001893  DMA_ERR_IRQHandler             
00001893  DMA_INT0_IRQHandler            
00001893  DMA_INT1_IRQHandler            
00001893  DMA_INT2_IRQHandler            
00001893  DMA_INT3_IRQHandler            
00001893  DebugMon_Handler               
00001893  Default_Handler                
00001893  EUSCIA0_IRQHandler             
00001893  EUSCIA1_IRQHandler             
00001893  EUSCIA2_IRQHandler             
00001893  EUSCIA3_IRQHandler             
00001893  EUSCIB0_IRQHandler             
00001893  EUSCIB1_IRQHandler             
00001893  EUSCIB2_IRQHandler             
00001893  EUSCIB3_IRQHandler             
00001893  FLCTL_IRQHandler               
00001893  FPU_IRQHandler                 
00001893  HardFault_Handler              
00001893  MemManage_Handler              
00001893  NMI_Handler                    
00001893  PCM_IRQHandler                 
00001893  PORT1_IRQHandler               
00001893  PORT2_IRQHandler               
00001893  PORT3_IRQHandler               
00001893  PORT5_IRQHandler               
00001893  PORT6_IRQHandler               
00001893  PSS_IRQHandler                 
00001893  PendSV_Handler                 
00001893  RTC_C_IRQHandler               
00001893  SVC_Handler                    
00001893  SysTick_Handler                
00001893  T32_INT2_IRQHandler            
00001893  T32_INTC_IRQHandler            
00001893  TA0_0_IRQHandler               
00001893  TA0_N_IRQHandler               
00001893  TA1_N_IRQHandler               
00001893  TA2_0_IRQHandler               
00001893  TA2_N_IRQHandler               
00001893  TA3_0_IRQHandler               
00001893  TA3_N_IRQHandler               
00001893  UsageFault_Handler             
00001893  WDT_A_IRQHandler               
00001895  __TI_zero_init                 
000018a1  _system_pre_init               
000018a5  _system_post_cinit             
000018c0  __TI_Handler_Table_Base        
000018cc  __TI_Handler_Table_Limit       
000018d8  __TI_CINIT_Base                
000018e8  __TI_CINIT_Limit               
20000000  ClockFrequency                 
20000004  Prewait                        
20000008  CPMwait                        
2000000c  Postwait                       
20000010  IFlags                         
20000014  Crystalstable                  
20000018  __TI_cleanup_ptr               
2000001c  __TI_dtors_ptr                 
20000020  __TI_enable_exit_profile_output
20000024  TExaS_ScopeErrLostData         
20000028  TExaS_ScopeErrConflict         
2000002c  TExaS_ScopeWrnReconfig         
20000030  _lock                          
20000034  _unlock                        
20000038  main_func_sp                   
2000003c  SystemCoreClock                
20000040  PeriodicTask2                  
20000044  Port4Task                      
20000048  TimerA1Task                    
2000004c  CollisionData                  
2000004d  CollisionFlag                  
2000004e  LogicData                      
2000fe00  __stack                        
20010000  __STACK_END                    
4000480c  WDTCTL_SYM                     
ffffffff  __TI_pprof_out_hndl            
ffffffff  __TI_prof_data_size            
ffffffff  __TI_prof_data_start           
ffffffff  __binit__                      
ffffffff  __c_args__                     
ffffffff  binit                          
UNDEFED   SHT$$INIT_ARRAY$$Base          
UNDEFED   SHT$$INIT_ARRAY$$Limit         

[208 symbols]
